Vivado Simulator v2025.2
Copyright 1986-2022 Xilinx, Inc. All Rights Reserved.
Copyright 2022-2025 Advanced Micro Devices, Inc. All Rights Reserved.
Running: C:/AMDDesignTools/2025.2/Vivado/bin/unwrapped/win64.o/xelab.exe --incr --debug typical --relax --mt 2 -L xil_defaultlib -L uvm -L unisims_ver -L unimacro_ver -L secureip --snapshot tb_decoder_behav xil_defaultlib.tb_decoder xil_defaultlib.glbl -log elaborate.log 
Using 2 slave threads.
Starting static elaboration
Pass Through NonSizing Optimizer
Completed static elaboration
Starting simulation data flow analysis
WARNING: [XSIM 43-4099] "C:/Vivaldo/Lab1/Lab1_Question2/Lab1_Question2.srcs/sim_1/new/decoder_testbench.sv" Line 1. Module tb_decoder doesn't have a timescale but at least one module in design has a timescale.
WARNING: [XSIM 43-4099] "C:/Vivaldo/Lab1/Lab1_Question2/Lab1_Question2.srcs/sources_1/new/decoder_3to8.sv" Line 12. Module decoder_3to8 doesn't have a timescale but at least one module in design has a timescale.
WARNING: [XSIM 43-4099] "C:/Vivaldo/Lab1/Lab1_Question2/Lab1_Question2.srcs/sources_1/new/decoder_3to8.sv" Line 1. Module decoder_2to4 doesn't have a timescale but at least one module in design has a timescale.
WARNING: [XSIM 43-4099] "C:/Vivaldo/Lab1/Lab1_Question2/Lab1_Question2.srcs/sources_1/new/decoder_3to8.sv" Line 1. Module decoder_2to4 doesn't have a timescale but at least one module in design has a timescale.
Completed simulation data flow analysis
Time Resolution for simulation is 1ps
Compiling module xil_defaultlib.decoder_2to4
Compiling module xil_defaultlib.decoder_3to8
Compiling module xil_defaultlib.tb_decoder
Compiling module xil_defaultlib.glbl
Built simulation snapshot tb_decoder_behav
