Copyright 1986-2022 Xilinx, Inc. All Rights Reserved. Copyright 2022-2025 Advanced Micro Devices, Inc. All Rights Reserved.
---------------------------------------------------------------------------------------------------------------------------------------------
| Tool Version : Vivado v.2025.2 (win64) Build 6299465 Fri Nov 14 19:35:11 GMT 2025
| Date         : Sun Apr 12 21:03:46 2026
| Host         : LAPTOP-DPIKD9V7 running 64-bit major release  (build 9200)
| Command      : report_control_sets -verbose -file laundry_top_control_sets_placed.rpt
| Design       : laundry_top
| Device       : xc7a35t
---------------------------------------------------------------------------------------------------------------------------------------------

Control Set Information

Table of Contents
-----------------
1. Summary
2. Histogram
3. Flip-Flop Distribution
4. Detailed Control Set Information

1. Summary
----------

+----------------------------------------------------------+-------+
|                          Status                          | Count |
+----------------------------------------------------------+-------+
| Total control sets                                       |    14 |
|    Minimum number of control sets                        |    14 |
|    Addition due to synthesis replication                 |     0 |
|    Addition due to physical synthesis replication        |     0 |
| Unused register locations in slices containing registers |    68 |
+----------------------------------------------------------+-------+
* Control sets can be merged at opt_design using control_set_merge or merge_equivalent_drivers
** Run report_qor_suggestions for automated merging and remapping suggestions


2. Histogram
------------

+--------------------+-------+
|       Fanout       | Count |
+--------------------+-------+
| Total control sets |    14 |
| >= 0 to < 4        |     4 |
| >= 4 to < 6        |     5 |
| >= 6 to < 8        |     0 |
| >= 8 to < 10       |     0 |
| >= 10 to < 12      |     0 |
| >= 12 to < 14      |     0 |
| >= 14 to < 16      |     0 |
| >= 16              |     5 |
+--------------------+-------+
* Control sets can be remapped at either synth_design or opt_design


3. Flip-Flop Distribution
-------------------------

+--------------+-----------------------+------------------------+-----------------+--------------+
| Clock Enable | Synchronous Set/Reset | Asynchronous Set/Reset | Total Registers | Total Slices |
+--------------+-----------------------+------------------------+-----------------+--------------+
| No           | No                    | No                     |               4 |            3 |
| No           | No                    | Yes                    |             156 |           54 |
| No           | Yes                   | No                     |              80 |           20 |
| Yes          | No                    | No                     |               4 |            4 |
| Yes          | No                    | Yes                    |              16 |            5 |
| Yes          | Yes                   | No                     |               0 |            0 |
+--------------+-----------------------+------------------------+-----------------+--------------+


4. Detailed Control Set Information
-----------------------------------

+------------------------+---------------------------------------------------+----------------------------------------------------------+------------------+----------------+--------------+
|      Clock Signal      |                   Enable Signal                   |                     Set/Reset Signal                     | Slice Load Count | Bel Load Count | Bels / Slice |
+------------------------+---------------------------------------------------+----------------------------------------------------------+------------------+----------------+--------------+
|  clk_sys_mhz_IBUF_BUFG | btn_filter_blk/filter_dr/current_st1_out          |                                                          |                1 |              1 |         1.00 |
|  clk_sys_mhz_IBUF_BUFG | btn_filter_blk/filter_dw/current_st1_out          |                                                          |                1 |              1 |         1.00 |
|  clk_sys_mhz_IBUF_BUFG | btn_filter_blk/filter_hw/current_st1_out          |                                                          |                1 |              1 |         1.00 |
|  clk_sys_mhz_IBUF_BUFG | btn_filter_blk/filter_qw/current_st1_out          |                                                          |                1 |              1 |         1.00 |
|  clk_sys_mhz_IBUF_BUFG |                                                   |                                                          |                3 |              4 |         1.33 |
|  clk_sys_mhz_IBUF_BUFG | DryerMachine_Datapath/sec_timer[3]_i_1__0_n_0     | rstt_sys_n_IBUF                                          |                1 |              4 |         4.00 |
|  clk_sys_mhz_IBUF_BUFG | DelicateWashMachine_Datapath/sec_timer[3]_i_1_n_0 | rstt_sys_n_IBUF                                          |                2 |              4 |         2.00 |
|  clk_sys_mhz_IBUF_BUFG | HeavyWashMachine_Datapath/sec_timer[3]_i_1__2_n_0 | rstt_sys_n_IBUF                                          |                1 |              4 |         4.00 |
|  clk_sys_mhz_IBUF_BUFG | QuickWashMachine_Datapath/sec_timer[3]_i_1__1_n_0 | rstt_sys_n_IBUF                                          |                1 |              4 |         4.00 |
|  clk_sys_mhz_IBUF_BUFG |                                                   | btn_filter_blk/filter_dr/stabilization_cnt[0]_i_1__1_n_0 |                5 |             20 |         4.00 |
|  clk_sys_mhz_IBUF_BUFG |                                                   | btn_filter_blk/filter_dw/stabilization_cnt[0]_i_1__2_n_0 |                5 |             20 |         4.00 |
|  clk_sys_mhz_IBUF_BUFG |                                                   | btn_filter_blk/filter_hw/stabilization_cnt[0]_i_1__0_n_0 |                5 |             20 |         4.00 |
|  clk_sys_mhz_IBUF_BUFG |                                                   | btn_filter_blk/filter_qw/stabilization_cnt[0]_i_1_n_0    |                5 |             20 |         4.00 |
|  clk_sys_mhz_IBUF_BUFG |                                                   | rstt_sys_n_IBUF                                          |               54 |            156 |         2.89 |
+------------------------+---------------------------------------------------+----------------------------------------------------------+------------------+----------------+--------------+


