Vivado Simulator v2025.2
Copyright 1986-2022 Xilinx, Inc. All Rights Reserved.
Copyright 2022-2025 Advanced Micro Devices, Inc. All Rights Reserved.
Running: C:/AMDDesignTools/2025.2/Vivado/bin/unwrapped/win64.o/xelab.exe --incr --debug typical --relax --mt 2 -L xil_defaultlib -L uvm -L unisims_ver -L unimacro_ver -L secureip --snapshot tb_mux_behav xil_defaultlib.tb_mux xil_defaultlib.glbl -log elaborate.log 
Using 2 slave threads.
Starting static elaboration
Pass Through NonSizing Optimizer
Completed static elaboration
Starting simulation data flow analysis
WARNING: [XSIM 43-4099] "C:/Vivaldo/Lab1/Lab1_Question1/Lab1_Question1.srcs/sim_1/new/testbench_mux.sv" Line 1. Module tb_mux doesn't have a timescale but at least one module in design has a timescale.
WARNING: [XSIM 43-4099] "C:/Vivaldo/Lab1/Lab1_Question1/Lab1_Question1.srcs/sources_1/new/mux_16to1.sv" Line 15. Module mux_16to1 doesn't have a timescale but at least one module in design has a timescale.
WARNING: [XSIM 43-4099] "C:/Vivaldo/Lab1/Lab1_Question1/Lab1_Question1.srcs/sources_1/new/mux_16to1.sv" Line 1. Module mux_4to1 doesn't have a timescale but at least one module in design has a timescale.
WARNING: [XSIM 43-4099] "C:/Vivaldo/Lab1/Lab1_Question1/Lab1_Question1.srcs/sources_1/new/mux_16to1.sv" Line 1. Module mux_4to1 doesn't have a timescale but at least one module in design has a timescale.
WARNING: [XSIM 43-4099] "C:/Vivaldo/Lab1/Lab1_Question1/Lab1_Question1.srcs/sources_1/new/mux_16to1.sv" Line 1. Module mux_4to1 doesn't have a timescale but at least one module in design has a timescale.
WARNING: [XSIM 43-4099] "C:/Vivaldo/Lab1/Lab1_Question1/Lab1_Question1.srcs/sources_1/new/mux_16to1.sv" Line 1. Module mux_4to1 doesn't have a timescale but at least one module in design has a timescale.
WARNING: [XSIM 43-4099] "C:/Vivaldo/Lab1/Lab1_Question1/Lab1_Question1.srcs/sources_1/new/mux_16to1.sv" Line 1. Module mux_4to1 doesn't have a timescale but at least one module in design has a timescale.
Completed simulation data flow analysis
Time Resolution for simulation is 1ps
Compiling module xil_defaultlib.mux_4to1
Compiling module xil_defaultlib.mux_16to1
Compiling module xil_defaultlib.tb_mux
Compiling module xil_defaultlib.glbl
Built simulation snapshot tb_mux_behav
