#-----------------------------------------------------------
# Vivado v2025.2 (64-bit)
# SW Build 6299465 on Fri Nov 14 19:35:11 GMT 2025
# IP Build 6300035 on Fri Nov 14 10:48:45 MST 2025
# SharedData Build 6298862 on Thu Nov 13 04:50:51 MST 2025
# Start of session at: Thu Feb 26 18:41:40 2026
# Process ID         : 18844
# Current directory  : C:/Vivaldo/Lab1/Lab1_Question4/Lab1_Question4.runs/synth_1
# Command line       : vivado.exe -log logic_function.vds -product Vivado -mode batch -messageDb vivado.pb -notrace -source logic_function.tcl
# Log file           : C:/Vivaldo/Lab1/Lab1_Question4/Lab1_Question4.runs/synth_1/logic_function.vds
# Journal file       : C:/Vivaldo/Lab1/Lab1_Question4/Lab1_Question4.runs/synth_1\vivado.jou
# Running On         : LAPTOP-DPIKD9V7
# Platform           : Windows Server 2016 or Windows 10
# Operating System   : 26200
# Processor Detail   : Intel(R) Core(TM) i9-14900HX
# CPU Frequency      : 2419 MHz
# CPU Physical cores : 24
# CPU Logical cores  : 32
# Host memory        : 34049 MB
# Swap memory        : 4026 MB
# Total Virtual      : 38075 MB
# Available Virtual  : 14327 MB
#-----------------------------------------------------------
source logic_function.tcl -notrace
