Copyright 1986-2022 Xilinx, Inc. All Rights Reserved. Copyright 2022-2025 Advanced Micro Devices, Inc. All Rights Reserved.
---------------------------------------------------------------------------------------------------------------------------------------------------------------------------------------------------------------------------------------------
| Tool Version : Vivado v.2025.2 (win64) Build 6299465 Fri Nov 14 19:35:11 GMT 2025
| Date         : Mon Mar 30 03:07:54 2026
| Host         : LAPTOP-DPIKD9V7 running 64-bit major release  (build 9200)
| Command      : report_timing_summary -max_paths 10 -routable_nets -report_unconstrained -file lab_counter_timing_summary_routed.rpt -pb lab_counter_timing_summary_routed.pb -rpx lab_counter_timing_summary_routed.rpx -warn_on_violation
| Design       : lab_counter
| Device       : 7a35t-cpg236
| Speed File   : -1  PRODUCTION 1.23 2018-06-13
| Design State : Routed
---------------------------------------------------------------------------------------------------------------------------------------------------------------------------------------------------------------------------------------------

Timing Summary Report

------------------------------------------------------------------------------------------------
| Timer Settings
| --------------
------------------------------------------------------------------------------------------------

  Enable Multi Corner Analysis               :  Yes
  Enable Pessimism Removal                   :  Yes
  Pessimism Removal Resolution               :  Nearest Common Node
  Enable Input Delay Default Clock           :  No
  Enable Preset / Clear Arcs                 :  No
  Disable Flight Delays                      :  No
  Ignore I/O Paths                           :  No
  Timing Early Launch at Borrowing Latches   :  No
  Borrow Time for Max Delay Exceptions       :  Yes
  Merge Timing Exceptions                    :  Yes
  Inter-SLR Compensation                     :  Conservative

  Corner  Analyze    Analyze    
  Name    Max Paths  Min Paths  
  ------  ---------  ---------  
  Slow    Yes        Yes        
  Fast    Yes        Yes        


------------------------------------------------------------------------------------------------
| Report Methodology
| ------------------
------------------------------------------------------------------------------------------------

Rule       Severity          Description                  Violations  
---------  ----------------  ---------------------------  ----------  
TIMING-17  Critical Warning  Non-clocked sequential cell  62          

Note: This report is based on the most recent report_methodology run and may not be up-to-date. Run report_methodology on the current design for the latest report.



check_timing report

Table of Contents
-----------------
1. checking no_clock (62)
2. checking constant_clock (0)
3. checking pulse_width_clock (0)
4. checking unconstrained_internal_endpoints (103)
5. checking no_input_delay (16)
6. checking no_output_delay (27)
7. checking multiple_clock (0)
8. checking generated_clocks (0)
9. checking loops (0)
10. checking partial_input_delay (0)
11. checking partial_output_delay (0)
12. checking latch_loops (0)

1. checking no_clock (62)
-------------------------
 There are 46 register/latch pins with no clock driven by root clock pin: clk (HIGH)

 There are 16 register/latch pins with no clock driven by root clock pin: clk_div/clock_out_reg/Q (HIGH)


2. checking constant_clock (0)
------------------------------
 There are 0 register/latch pins with constant_clock.


3. checking pulse_width_clock (0)
---------------------------------
 There are 0 register/latch pins which need pulse_width check


4. checking unconstrained_internal_endpoints (103)
--------------------------------------------------
 There are 103 pins that are not constrained for maximum delay. (HIGH)

 There are 0 pins that are not constrained for maximum delay due to constant clock.


5. checking no_input_delay (16)
-------------------------------
 There are 16 input ports with no input delay specified. (HIGH)

 There are 0 input ports with no input delay but user has a false path constraint.


6. checking no_output_delay (27)
--------------------------------
 There are 27 ports with no output delay specified. (HIGH)

 There are 0 ports with no output delay but user has a false path constraint

 There are 0 ports with no output delay but with a timing clock defined on it or propagating through it


7. checking multiple_clock (0)
------------------------------
 There are 0 register/latch pins with multiple clocks.


8. checking generated_clocks (0)
--------------------------------
 There are 0 generated clocks that are not connected to a clock source.


9. checking loops (0)
---------------------
 There are 0 combinational loops in the design.


10. checking partial_input_delay (0)
------------------------------------
 There are 0 input ports with partial input delay specified.


11. checking partial_output_delay (0)
-------------------------------------
 There are 0 ports with partial output delay specified.


12. checking latch_loops (0)
----------------------------
 There are 0 combinational latch loops in the design through latch input



------------------------------------------------------------------------------------------------
| Design Timing Summary
| ---------------------
------------------------------------------------------------------------------------------------

    WNS(ns)      TNS(ns)  TNS Failing Endpoints  TNS Total Endpoints      WHS(ns)      THS(ns)  THS Failing Endpoints  THS Total Endpoints     WPWS(ns)     TPWS(ns)  TPWS Failing Endpoints  TPWS Total Endpoints  
    -------      -------  ---------------------  -------------------      -------      -------  ---------------------  -------------------     --------     --------  ----------------------  --------------------  
        inf        0.000                      0                  130          inf        0.000                      0                  130           NA           NA                      NA                    NA  


There are no user specified timing constraints.


------------------------------------------------------------------------------------------------
| Clock Summary
| -------------
------------------------------------------------------------------------------------------------


------------------------------------------------------------------------------------------------
| Intra Clock Table
| -----------------
------------------------------------------------------------------------------------------------

Clock             WNS(ns)      TNS(ns)  TNS Failing Endpoints  TNS Total Endpoints      WHS(ns)      THS(ns)  THS Failing Endpoints  THS Total Endpoints     WPWS(ns)     TPWS(ns)  TPWS Failing Endpoints  TPWS Total Endpoints  
-----             -------      -------  ---------------------  -------------------      -------      -------  ---------------------  -------------------     --------     --------  ----------------------  --------------------  


------------------------------------------------------------------------------------------------
| Inter Clock Table
| -----------------
------------------------------------------------------------------------------------------------

From Clock    To Clock          WNS(ns)      TNS(ns)  TNS Failing Endpoints  TNS Total Endpoints      WHS(ns)      THS(ns)  THS Failing Endpoints  THS Total Endpoints  
----------    --------          -------      -------  ---------------------  -------------------      -------      -------  ---------------------  -------------------  


------------------------------------------------------------------------------------------------
| Other Path Groups Table
| -----------------------
------------------------------------------------------------------------------------------------

Path Group    From Clock    To Clock          WNS(ns)      TNS(ns)  TNS Failing Endpoints  TNS Total Endpoints      WHS(ns)      THS(ns)  THS Failing Endpoints  THS Total Endpoints  
----------    ----------    --------          -------      -------  ---------------------  -------------------      -------      -------  ---------------------  -------------------  


------------------------------------------------------------------------------------------------
| User Ignored Path Table
| -----------------------
------------------------------------------------------------------------------------------------

Path Group    From Clock    To Clock    
----------    ----------    --------    


------------------------------------------------------------------------------------------------
| Unconstrained Path Table
| ------------------------
------------------------------------------------------------------------------------------------

Path Group    From Clock    To Clock    
----------    ----------    --------    
(none)                                    


------------------------------------------------------------------------------------------------
| Timing Details
| --------------
------------------------------------------------------------------------------------------------


--------------------------------------------------------------------------------------
Path Group:  (none)
From Clock:  
  To Clock:  

Max Delay           130 Endpoints
Min Delay           130 Endpoints
--------------------------------------------------------------------------------------


Max Delay Paths
--------------------------------------------------------------------------------------
Slack:                    inf
  Source:                 high_reg/d1/out_reg/C
                            (rising edge-triggered cell FDRE)
  Destination:            led[6]
                            (output port)
  Path Group:             (none)
  Path Type:              Max at Slow Process Corner
  Data Path Delay:        11.843ns  (logic 4.334ns (36.596%)  route 7.509ns (63.404%))
  Logic Levels:           5  (FDRE=1 LUT3=1 LUT5=2 OBUF=1)

    Location             Delay type                Incr(ns)  Path(ns)    Netlist Resource(s)
  -------------------------------------------------------------------    -------------------
    SLICE_X65Y21         FDRE                         0.000     0.000 r  high_reg/d1/out_reg/C
    SLICE_X65Y21         FDRE (Prop_fdre_C_Q)         0.456     0.456 r  high_reg/d1/out_reg/Q
                         net (fo=9, routed)           1.065     1.521    high_reg/d1/out_reg_0
    SLICE_X62Y20         LUT3 (Prop_lut3_I0_O)        0.124     1.645 r  high_reg/d1/led_OBUF[15]_inst_i_5/O
                         net (fo=1, routed)           0.658     2.303    low_reg/d6/led_OBUF[15]_inst_i_1_0
    SLICE_X63Y20         LUT5 (Prop_lut5_I4_O)        0.124     2.427 f  low_reg/d6/led_OBUF[15]_inst_i_3/O
                         net (fo=1, routed)           0.808     3.235    high_reg/d4/led[0]_1
    SLICE_X63Y21         LUT5 (Prop_lut5_I2_O)        0.124     3.359 r  high_reg/d4/led_OBUF[15]_inst_i_1/O
                         net (fo=16, routed)          4.978     8.337    led_OBUF[0]
    U14                  OBUF (Prop_obuf_I_O)         3.506    11.843 r  led_OBUF[6]_inst/O
                         net (fo=0)                   0.000    11.843    led[6]
    U14                                                               r  led[6] (OUT)
  -------------------------------------------------------------------    -------------------

Slack:                    inf
  Source:                 high_reg/d1/out_reg/C
                            (rising edge-triggered cell FDRE)
  Destination:            led[7]
                            (output port)
  Path Group:             (none)
  Path Type:              Max at Slow Process Corner
  Data Path Delay:        11.698ns  (logic 4.329ns (37.005%)  route 7.369ns (62.995%))
  Logic Levels:           5  (FDRE=1 LUT3=1 LUT5=2 OBUF=1)

    Location             Delay type                Incr(ns)  Path(ns)    Netlist Resource(s)
  -------------------------------------------------------------------    -------------------
    SLICE_X65Y21         FDRE                         0.000     0.000 r  high_reg/d1/out_reg/C
    SLICE_X65Y21         FDRE (Prop_fdre_C_Q)         0.456     0.456 r  high_reg/d1/out_reg/Q
                         net (fo=9, routed)           1.065     1.521    high_reg/d1/out_reg_0
    SLICE_X62Y20         LUT3 (Prop_lut3_I0_O)        0.124     1.645 r  high_reg/d1/led_OBUF[15]_inst_i_5/O
                         net (fo=1, routed)           0.658     2.303    low_reg/d6/led_OBUF[15]_inst_i_1_0
    SLICE_X63Y20         LUT5 (Prop_lut5_I4_O)        0.124     2.427 f  low_reg/d6/led_OBUF[15]_inst_i_3/O
                         net (fo=1, routed)           0.808     3.235    high_reg/d4/led[0]_1
    SLICE_X63Y21         LUT5 (Prop_lut5_I2_O)        0.124     3.359 r  high_reg/d4/led_OBUF[15]_inst_i_1/O
                         net (fo=16, routed)          4.838     8.197    led_OBUF[0]
    V14                  OBUF (Prop_obuf_I_O)         3.501    11.698 r  led_OBUF[7]_inst/O
                         net (fo=0)                   0.000    11.698    led[7]
    V14                                                               r  led[7] (OUT)
  -------------------------------------------------------------------    -------------------

Slack:                    inf
  Source:                 high_reg/d1/out_reg/C
                            (rising edge-triggered cell FDRE)
  Destination:            led[8]
                            (output port)
  Path Group:             (none)
  Path Type:              Max at Slow Process Corner
  Data Path Delay:        11.551ns  (logic 4.332ns (37.503%)  route 7.219ns (62.497%))
  Logic Levels:           5  (FDRE=1 LUT3=1 LUT5=2 OBUF=1)

    Location             Delay type                Incr(ns)  Path(ns)    Netlist Resource(s)
  -------------------------------------------------------------------    -------------------
    SLICE_X65Y21         FDRE                         0.000     0.000 r  high_reg/d1/out_reg/C
    SLICE_X65Y21         FDRE (Prop_fdre_C_Q)         0.456     0.456 r  high_reg/d1/out_reg/Q
                         net (fo=9, routed)           1.065     1.521    high_reg/d1/out_reg_0
    SLICE_X62Y20         LUT3 (Prop_lut3_I0_O)        0.124     1.645 r  high_reg/d1/led_OBUF[15]_inst_i_5/O
                         net (fo=1, routed)           0.658     2.303    low_reg/d6/led_OBUF[15]_inst_i_1_0
    SLICE_X63Y20         LUT5 (Prop_lut5_I4_O)        0.124     2.427 f  low_reg/d6/led_OBUF[15]_inst_i_3/O
                         net (fo=1, routed)           0.808     3.235    high_reg/d4/led[0]_1
    SLICE_X63Y21         LUT5 (Prop_lut5_I2_O)        0.124     3.359 r  high_reg/d4/led_OBUF[15]_inst_i_1/O
                         net (fo=16, routed)          4.688     8.047    led_OBUF[0]
    V13                  OBUF (Prop_obuf_I_O)         3.504    11.551 r  led_OBUF[8]_inst/O
                         net (fo=0)                   0.000    11.551    led[8]
    V13                                                               r  led[8] (OUT)
  -------------------------------------------------------------------    -------------------

Slack:                    inf
  Source:                 high_reg/d1/out_reg/C
                            (rising edge-triggered cell FDRE)
  Destination:            led[1]
                            (output port)
  Path Group:             (none)
  Path Type:              Max at Slow Process Corner
  Data Path Delay:        11.544ns  (logic 4.358ns (37.748%)  route 7.187ns (62.252%))
  Logic Levels:           5  (FDRE=1 LUT3=1 LUT5=2 OBUF=1)

    Location             Delay type                Incr(ns)  Path(ns)    Netlist Resource(s)
  -------------------------------------------------------------------    -------------------
    SLICE_X65Y21         FDRE                         0.000     0.000 r  high_reg/d1/out_reg/C
    SLICE_X65Y21         FDRE (Prop_fdre_C_Q)         0.456     0.456 r  high_reg/d1/out_reg/Q
                         net (fo=9, routed)           1.065     1.521    high_reg/d1/out_reg_0
    SLICE_X62Y20         LUT3 (Prop_lut3_I0_O)        0.124     1.645 r  high_reg/d1/led_OBUF[15]_inst_i_5/O
                         net (fo=1, routed)           0.658     2.303    low_reg/d6/led_OBUF[15]_inst_i_1_0
    SLICE_X63Y20         LUT5 (Prop_lut5_I4_O)        0.124     2.427 f  low_reg/d6/led_OBUF[15]_inst_i_3/O
                         net (fo=1, routed)           0.808     3.235    high_reg/d4/led[0]_1
    SLICE_X63Y21         LUT5 (Prop_lut5_I2_O)        0.124     3.359 r  high_reg/d4/led_OBUF[15]_inst_i_1/O
                         net (fo=16, routed)          4.655     8.015    led_OBUF[0]
    E19                  OBUF (Prop_obuf_I_O)         3.530    11.544 r  led_OBUF[1]_inst/O
                         net (fo=0)                   0.000    11.544    led[1]
    E19                                                               r  led[1] (OUT)
  -------------------------------------------------------------------    -------------------

Slack:                    inf
  Source:                 high_reg/d1/out_reg/C
                            (rising edge-triggered cell FDRE)
  Destination:            led[0]
                            (output port)
  Path Group:             (none)
  Path Type:              Max at Slow Process Corner
  Data Path Delay:        11.402ns  (logic 4.333ns (38.000%)  route 7.069ns (62.000%))
  Logic Levels:           5  (FDRE=1 LUT3=1 LUT5=2 OBUF=1)

    Location             Delay type                Incr(ns)  Path(ns)    Netlist Resource(s)
  -------------------------------------------------------------------    -------------------
    SLICE_X65Y21         FDRE                         0.000     0.000 r  high_reg/d1/out_reg/C
    SLICE_X65Y21         FDRE (Prop_fdre_C_Q)         0.456     0.456 r  high_reg/d1/out_reg/Q
                         net (fo=9, routed)           1.065     1.521    high_reg/d1/out_reg_0
    SLICE_X62Y20         LUT3 (Prop_lut3_I0_O)        0.124     1.645 r  high_reg/d1/led_OBUF[15]_inst_i_5/O
                         net (fo=1, routed)           0.658     2.303    low_reg/d6/led_OBUF[15]_inst_i_1_0
    SLICE_X63Y20         LUT5 (Prop_lut5_I4_O)        0.124     2.427 f  low_reg/d6/led_OBUF[15]_inst_i_3/O
                         net (fo=1, routed)           0.808     3.235    high_reg/d4/led[0]_1
    SLICE_X63Y21         LUT5 (Prop_lut5_I2_O)        0.124     3.359 r  high_reg/d4/led_OBUF[15]_inst_i_1/O
                         net (fo=16, routed)          4.538     7.897    led_OBUF[0]
    U16                  OBUF (Prop_obuf_I_O)         3.505    11.402 r  led_OBUF[0]_inst/O
                         net (fo=0)                   0.000    11.402    led[0]
    U16                                                               r  led[0] (OUT)
  -------------------------------------------------------------------    -------------------

Slack:                    inf
  Source:                 high_reg/d1/out_reg/C
                            (rising edge-triggered cell FDRE)
  Destination:            led[5]
                            (output port)
  Path Group:             (none)
  Path Type:              Max at Slow Process Corner
  Data Path Delay:        11.262ns  (logic 4.342ns (38.560%)  route 6.919ns (61.440%))
  Logic Levels:           5  (FDRE=1 LUT3=1 LUT5=2 OBUF=1)

    Location             Delay type                Incr(ns)  Path(ns)    Netlist Resource(s)
  -------------------------------------------------------------------    -------------------
    SLICE_X65Y21         FDRE                         0.000     0.000 r  high_reg/d1/out_reg/C
    SLICE_X65Y21         FDRE (Prop_fdre_C_Q)         0.456     0.456 r  high_reg/d1/out_reg/Q
                         net (fo=9, routed)           1.065     1.521    high_reg/d1/out_reg_0
    SLICE_X62Y20         LUT3 (Prop_lut3_I0_O)        0.124     1.645 r  high_reg/d1/led_OBUF[15]_inst_i_5/O
                         net (fo=1, routed)           0.658     2.303    low_reg/d6/led_OBUF[15]_inst_i_1_0
    SLICE_X63Y20         LUT5 (Prop_lut5_I4_O)        0.124     2.427 f  low_reg/d6/led_OBUF[15]_inst_i_3/O
                         net (fo=1, routed)           0.808     3.235    high_reg/d4/led[0]_1
    SLICE_X63Y21         LUT5 (Prop_lut5_I2_O)        0.124     3.359 r  high_reg/d4/led_OBUF[15]_inst_i_1/O
                         net (fo=16, routed)          4.388     7.747    led_OBUF[0]
    U15                  OBUF (Prop_obuf_I_O)         3.514    11.262 r  led_OBUF[5]_inst/O
                         net (fo=0)                   0.000    11.262    led[5]
    U15                                                               r  led[5] (OUT)
  -------------------------------------------------------------------    -------------------

Slack:                    inf
  Source:                 high_reg/d1/out_reg/C
                            (rising edge-triggered cell FDRE)
  Destination:            led[15]
                            (output port)
  Path Group:             (none)
  Path Type:              Max at Slow Process Corner
  Data Path Delay:        10.827ns  (logic 4.349ns (40.170%)  route 6.478ns (59.830%))
  Logic Levels:           5  (FDRE=1 LUT3=1 LUT5=2 OBUF=1)

    Location             Delay type                Incr(ns)  Path(ns)    Netlist Resource(s)
  -------------------------------------------------------------------    -------------------
    SLICE_X65Y21         FDRE                         0.000     0.000 r  high_reg/d1/out_reg/C
    SLICE_X65Y21         FDRE (Prop_fdre_C_Q)         0.456     0.456 r  high_reg/d1/out_reg/Q
                         net (fo=9, routed)           1.065     1.521    high_reg/d1/out_reg_0
    SLICE_X62Y20         LUT3 (Prop_lut3_I0_O)        0.124     1.645 r  high_reg/d1/led_OBUF[15]_inst_i_5/O
                         net (fo=1, routed)           0.658     2.303    low_reg/d6/led_OBUF[15]_inst_i_1_0
    SLICE_X63Y20         LUT5 (Prop_lut5_I4_O)        0.124     2.427 f  low_reg/d6/led_OBUF[15]_inst_i_3/O
                         net (fo=1, routed)           0.808     3.235    high_reg/d4/led[0]_1
    SLICE_X63Y21         LUT5 (Prop_lut5_I2_O)        0.124     3.359 r  high_reg/d4/led_OBUF[15]_inst_i_1/O
                         net (fo=16, routed)          3.947     7.306    led_OBUF[0]
    L1                   OBUF (Prop_obuf_I_O)         3.521    10.827 r  led_OBUF[15]_inst/O
                         net (fo=0)                   0.000    10.827    led[15]
    L1                                                                r  led[15] (OUT)
  -------------------------------------------------------------------    -------------------

Slack:                    inf
  Source:                 high_reg/d1/out_reg/C
                            (rising edge-triggered cell FDRE)
  Destination:            led[4]
                            (output port)
  Path Group:             (none)
  Path Type:              Max at Slow Process Corner
  Data Path Delay:        10.693ns  (logic 4.337ns (40.557%)  route 6.356ns (59.443%))
  Logic Levels:           5  (FDRE=1 LUT3=1 LUT5=2 OBUF=1)

    Location             Delay type                Incr(ns)  Path(ns)    Netlist Resource(s)
  -------------------------------------------------------------------    -------------------
    SLICE_X65Y21         FDRE                         0.000     0.000 r  high_reg/d1/out_reg/C
    SLICE_X65Y21         FDRE (Prop_fdre_C_Q)         0.456     0.456 r  high_reg/d1/out_reg/Q
                         net (fo=9, routed)           1.065     1.521    high_reg/d1/out_reg_0
    SLICE_X62Y20         LUT3 (Prop_lut3_I0_O)        0.124     1.645 r  high_reg/d1/led_OBUF[15]_inst_i_5/O
                         net (fo=1, routed)           0.658     2.303    low_reg/d6/led_OBUF[15]_inst_i_1_0
    SLICE_X63Y20         LUT5 (Prop_lut5_I4_O)        0.124     2.427 f  low_reg/d6/led_OBUF[15]_inst_i_3/O
                         net (fo=1, routed)           0.808     3.235    high_reg/d4/led[0]_1
    SLICE_X63Y21         LUT5 (Prop_lut5_I2_O)        0.124     3.359 r  high_reg/d4/led_OBUF[15]_inst_i_1/O
                         net (fo=16, routed)          3.825     7.184    led_OBUF[0]
    W18                  OBUF (Prop_obuf_I_O)         3.509    10.693 r  led_OBUF[4]_inst/O
                         net (fo=0)                   0.000    10.693    led[4]
    W18                                                               r  led[4] (OUT)
  -------------------------------------------------------------------    -------------------

Slack:                    inf
  Source:                 high_reg/d1/out_reg/C
                            (rising edge-triggered cell FDRE)
  Destination:            led[13]
                            (output port)
  Path Group:             (none)
  Path Type:              Max at Slow Process Corner
  Data Path Delay:        10.577ns  (logic 4.335ns (40.989%)  route 6.242ns (59.011%))
  Logic Levels:           5  (FDRE=1 LUT3=1 LUT5=2 OBUF=1)

    Location             Delay type                Incr(ns)  Path(ns)    Netlist Resource(s)
  -------------------------------------------------------------------    -------------------
    SLICE_X65Y21         FDRE                         0.000     0.000 r  high_reg/d1/out_reg/C
    SLICE_X65Y21         FDRE (Prop_fdre_C_Q)         0.456     0.456 r  high_reg/d1/out_reg/Q
                         net (fo=9, routed)           1.065     1.521    high_reg/d1/out_reg_0
    SLICE_X62Y20         LUT3 (Prop_lut3_I0_O)        0.124     1.645 r  high_reg/d1/led_OBUF[15]_inst_i_5/O
                         net (fo=1, routed)           0.658     2.303    low_reg/d6/led_OBUF[15]_inst_i_1_0
    SLICE_X63Y20         LUT5 (Prop_lut5_I4_O)        0.124     2.427 f  low_reg/d6/led_OBUF[15]_inst_i_3/O
                         net (fo=1, routed)           0.808     3.235    high_reg/d4/led[0]_1
    SLICE_X63Y21         LUT5 (Prop_lut5_I2_O)        0.124     3.359 r  high_reg/d4/led_OBUF[15]_inst_i_1/O
                         net (fo=16, routed)          3.710     7.070    led_OBUF[0]
    N3                   OBUF (Prop_obuf_I_O)         3.507    10.577 r  led_OBUF[13]_inst/O
                         net (fo=0)                   0.000    10.577    led[13]
    N3                                                                r  led[13] (OUT)
  -------------------------------------------------------------------    -------------------

Slack:                    inf
  Source:                 high_reg/d1/out_reg/C
                            (rising edge-triggered cell FDRE)
  Destination:            led[3]
                            (output port)
  Path Group:             (none)
  Path Type:              Max at Slow Process Corner
  Data Path Delay:        10.553ns  (logic 4.337ns (41.097%)  route 6.216ns (58.903%))
  Logic Levels:           5  (FDRE=1 LUT3=1 LUT5=2 OBUF=1)

    Location             Delay type                Incr(ns)  Path(ns)    Netlist Resource(s)
  -------------------------------------------------------------------    -------------------
    SLICE_X65Y21         FDRE                         0.000     0.000 r  high_reg/d1/out_reg/C
    SLICE_X65Y21         FDRE (Prop_fdre_C_Q)         0.456     0.456 r  high_reg/d1/out_reg/Q
                         net (fo=9, routed)           1.065     1.521    high_reg/d1/out_reg_0
    SLICE_X62Y20         LUT3 (Prop_lut3_I0_O)        0.124     1.645 r  high_reg/d1/led_OBUF[15]_inst_i_5/O
                         net (fo=1, routed)           0.658     2.303    low_reg/d6/led_OBUF[15]_inst_i_1_0
    SLICE_X63Y20         LUT5 (Prop_lut5_I4_O)        0.124     2.427 f  low_reg/d6/led_OBUF[15]_inst_i_3/O
                         net (fo=1, routed)           0.808     3.235    high_reg/d4/led[0]_1
    SLICE_X63Y21         LUT5 (Prop_lut5_I2_O)        0.124     3.359 r  high_reg/d4/led_OBUF[15]_inst_i_1/O
                         net (fo=16, routed)          3.685     7.044    led_OBUF[0]
    V19                  OBUF (Prop_obuf_I_O)         3.509    10.553 r  led_OBUF[3]_inst/O
                         net (fo=0)                   0.000    10.553    led[3]
    V19                                                               r  led[3] (OUT)
  -------------------------------------------------------------------    -------------------





Min Delay Paths
--------------------------------------------------------------------------------------
Slack:                    inf
  Source:                 high_reg/d6/out_reg/C
                            (rising edge-triggered cell FDRE)
  Destination:            high_reg/d7/out_reg/D
  Path Group:             (none)
  Path Type:              Min at Fast Process Corner
  Data Path Delay:        0.345ns  (logic 0.186ns (53.979%)  route 0.159ns (46.021%))
  Logic Levels:           2  (FDRE=1 LUT6=1)

    Location             Delay type                Incr(ns)  Path(ns)    Netlist Resource(s)
  -------------------------------------------------------------------    -------------------
    SLICE_X62Y21         FDRE                         0.000     0.000 r  high_reg/d6/out_reg/C
    SLICE_X62Y21         FDRE (Prop_fdre_C_Q)         0.141     0.141 r  high_reg/d6/out_reg/Q
                         net (fo=9, routed)           0.159     0.300    high_reg/d6/out_reg_0
    SLICE_X62Y20         LUT6 (Prop_lut6_I2_O)        0.045     0.345 r  high_reg/d6/out_i_1/O
                         net (fo=1, routed)           0.000     0.345    high_reg/d7/out_0
    SLICE_X62Y20         FDRE                                         r  high_reg/d7/out_reg/D
  -------------------------------------------------------------------    -------------------

Slack:                    inf
  Source:                 low_reg/d7/out_reg/C
                            (rising edge-triggered cell FDRE)
  Destination:            high_reg/d0/out_reg/D
  Path Group:             (none)
  Path Type:              Min at Fast Process Corner
  Data Path Delay:        0.361ns  (logic 0.186ns (51.523%)  route 0.175ns (48.477%))
  Logic Levels:           2  (FDRE=1 LUT6=1)

    Location             Delay type                Incr(ns)  Path(ns)    Netlist Resource(s)
  -------------------------------------------------------------------    -------------------
    SLICE_X63Y20         FDRE                         0.000     0.000 r  low_reg/d7/out_reg/C
    SLICE_X63Y20         FDRE (Prop_fdre_C_Q)         0.141     0.141 r  low_reg/d7/out_reg/Q
                         net (fo=8, routed)           0.175     0.316    high_reg/d1/out_reg_3[0]
    SLICE_X64Y21         LUT6 (Prop_lut6_I3_O)        0.045     0.361 r  high_reg/d1/out_i_1__1/O
                         net (fo=1, routed)           0.000     0.361    high_reg/d0/out
    SLICE_X64Y21         FDRE                                         r  high_reg/d0/out_reg/D
  -------------------------------------------------------------------    -------------------

Slack:                    inf
  Source:                 clk_div/count_reg[19]/C
                            (rising edge-triggered cell FDRE)
  Destination:            clk_div/count_reg[19]/D
  Path Group:             (none)
  Path Type:              Min at Fast Process Corner
  Data Path Delay:        0.366ns  (logic 0.249ns (67.994%)  route 0.117ns (32.006%))
  Logic Levels:           2  (CARRY4=1 FDRE=1)

    Location             Delay type                Incr(ns)  Path(ns)    Netlist Resource(s)
  -------------------------------------------------------------------    -------------------
    SLICE_X61Y25         FDRE                         0.000     0.000 r  clk_div/count_reg[19]/C
    SLICE_X61Y25         FDRE (Prop_fdre_C_Q)         0.141     0.141 r  clk_div/count_reg[19]/Q
                         net (fo=2, routed)           0.117     0.258    clk_div/count_reg[19]
    SLICE_X61Y25         CARRY4 (Prop_carry4_S[3]_O[3])
                                                      0.108     0.366 r  clk_div/count_reg[16]_i_1/O[3]
                         net (fo=1, routed)           0.000     0.366    clk_div/count_reg[16]_i_1_n_4
    SLICE_X61Y25         FDRE                                         r  clk_div/count_reg[19]/D
  -------------------------------------------------------------------    -------------------

Slack:                    inf
  Source:                 clk_div/count_reg[23]/C
                            (rising edge-triggered cell FDRE)
  Destination:            clk_div/count_reg[23]/D
  Path Group:             (none)
  Path Type:              Min at Fast Process Corner
  Data Path Delay:        0.367ns  (logic 0.249ns (67.838%)  route 0.118ns (32.162%))
  Logic Levels:           2  (CARRY4=1 FDRE=1)

    Location             Delay type                Incr(ns)  Path(ns)    Netlist Resource(s)
  -------------------------------------------------------------------    -------------------
    SLICE_X61Y26         FDRE                         0.000     0.000 r  clk_div/count_reg[23]/C
    SLICE_X61Y26         FDRE (Prop_fdre_C_Q)         0.141     0.141 r  clk_div/count_reg[23]/Q
                         net (fo=2, routed)           0.118     0.259    clk_div/count_reg[23]
    SLICE_X61Y26         CARRY4 (Prop_carry4_S[3]_O[3])
                                                      0.108     0.367 r  clk_div/count_reg[20]_i_1/O[3]
                         net (fo=1, routed)           0.000     0.367    clk_div/count_reg[20]_i_1_n_4
    SLICE_X61Y26         FDRE                                         r  clk_div/count_reg[23]/D
  -------------------------------------------------------------------    -------------------

Slack:                    inf
  Source:                 low_reg/d5/out_reg/C
                            (rising edge-triggered cell FDRE)
  Destination:            low_reg/d2/out_reg/D
  Path Group:             (none)
  Path Type:              Min at Fast Process Corner
  Data Path Delay:        0.368ns  (logic 0.274ns (74.408%)  route 0.094ns (25.592%))
  Logic Levels:           3  (FDRE=1 LUT6=1 MUXF7=1)

    Location             Delay type                Incr(ns)  Path(ns)    Netlist Resource(s)
  -------------------------------------------------------------------    -------------------
    SLICE_X60Y19         FDRE                         0.000     0.000 r  low_reg/d5/out_reg/C
    SLICE_X60Y19         FDRE (Prop_fdre_C_Q)         0.164     0.164 r  low_reg/d5/out_reg/Q
                         net (fo=9, routed)           0.094     0.258    low_reg/d6/out_reg_3[5]
    SLICE_X61Y19         LUT6 (Prop_lut6_I1_O)        0.045     0.303 r  low_reg/d6/out_i_3__1/O
                         net (fo=1, routed)           0.000     0.303    low_reg/d3/out_reg_0
    SLICE_X61Y19         MUXF7 (Prop_muxf7_I1_O)      0.065     0.368 r  low_reg/d3/out_reg_i_1__1/O
                         net (fo=1, routed)           0.000     0.368    low_reg/d2/out_0
    SLICE_X61Y19         FDRE                                         r  low_reg/d2/out_reg/D
  -------------------------------------------------------------------    -------------------

Slack:                    inf
  Source:                 clk_div/count_reg[11]/C
                            (rising edge-triggered cell FDRE)
  Destination:            clk_div/count_reg[11]/D
  Path Group:             (none)
  Path Type:              Min at Fast Process Corner
  Data Path Delay:        0.368ns  (logic 0.249ns (67.612%)  route 0.119ns (32.388%))
  Logic Levels:           2  (CARRY4=1 FDRE=1)

    Location             Delay type                Incr(ns)  Path(ns)    Netlist Resource(s)
  -------------------------------------------------------------------    -------------------
    SLICE_X61Y23         FDRE                         0.000     0.000 r  clk_div/count_reg[11]/C
    SLICE_X61Y23         FDRE (Prop_fdre_C_Q)         0.141     0.141 r  clk_div/count_reg[11]/Q
                         net (fo=2, routed)           0.119     0.260    clk_div/count_reg[11]
    SLICE_X61Y23         CARRY4 (Prop_carry4_S[3]_O[3])
                                                      0.108     0.368 r  clk_div/count_reg[8]_i_1/O[3]
                         net (fo=1, routed)           0.000     0.368    clk_div/count_reg[8]_i_1_n_4
    SLICE_X61Y23         FDRE                                         r  clk_div/count_reg[11]/D
  -------------------------------------------------------------------    -------------------

Slack:                    inf
  Source:                 clk_div/count_reg[15]/C
                            (rising edge-triggered cell FDRE)
  Destination:            clk_div/count_reg[15]/D
  Path Group:             (none)
  Path Type:              Min at Fast Process Corner
  Data Path Delay:        0.369ns  (logic 0.249ns (67.424%)  route 0.120ns (32.576%))
  Logic Levels:           2  (CARRY4=1 FDRE=1)

    Location             Delay type                Incr(ns)  Path(ns)    Netlist Resource(s)
  -------------------------------------------------------------------    -------------------
    SLICE_X61Y24         FDRE                         0.000     0.000 r  clk_div/count_reg[15]/C
    SLICE_X61Y24         FDRE (Prop_fdre_C_Q)         0.141     0.141 r  clk_div/count_reg[15]/Q
                         net (fo=2, routed)           0.120     0.261    clk_div/count_reg[15]
    SLICE_X61Y24         CARRY4 (Prop_carry4_S[3]_O[3])
                                                      0.108     0.369 r  clk_div/count_reg[12]_i_1/O[3]
                         net (fo=1, routed)           0.000     0.369    clk_div/count_reg[12]_i_1_n_4
    SLICE_X61Y24         FDRE                                         r  clk_div/count_reg[15]/D
  -------------------------------------------------------------------    -------------------

Slack:                    inf
  Source:                 clk_div/count_reg[7]/C
                            (rising edge-triggered cell FDRE)
  Destination:            clk_div/count_reg[7]/D
  Path Group:             (none)
  Path Type:              Min at Fast Process Corner
  Data Path Delay:        0.369ns  (logic 0.249ns (67.424%)  route 0.120ns (32.576%))
  Logic Levels:           2  (CARRY4=1 FDRE=1)

    Location             Delay type                Incr(ns)  Path(ns)    Netlist Resource(s)
  -------------------------------------------------------------------    -------------------
    SLICE_X61Y22         FDRE                         0.000     0.000 r  clk_div/count_reg[7]/C
    SLICE_X61Y22         FDRE (Prop_fdre_C_Q)         0.141     0.141 r  clk_div/count_reg[7]/Q
                         net (fo=2, routed)           0.120     0.261    clk_div/count_reg[7]
    SLICE_X61Y22         CARRY4 (Prop_carry4_S[3]_O[3])
                                                      0.108     0.369 r  clk_div/count_reg[4]_i_1/O[3]
                         net (fo=1, routed)           0.000     0.369    clk_div/count_reg[4]_i_1_n_4
    SLICE_X61Y22         FDRE                                         r  clk_div/count_reg[7]/D
  -------------------------------------------------------------------    -------------------

Slack:                    inf
  Source:                 clk_div/count_reg[3]/C
                            (rising edge-triggered cell FDRE)
  Destination:            clk_div/count_reg[3]/D
  Path Group:             (none)
  Path Type:              Min at Fast Process Corner
  Data Path Delay:        0.369ns  (logic 0.249ns (67.412%)  route 0.120ns (32.588%))
  Logic Levels:           2  (CARRY4=1 FDRE=1)

    Location             Delay type                Incr(ns)  Path(ns)    Netlist Resource(s)
  -------------------------------------------------------------------    -------------------
    SLICE_X61Y21         FDRE                         0.000     0.000 r  clk_div/count_reg[3]/C
    SLICE_X61Y21         FDRE (Prop_fdre_C_Q)         0.141     0.141 r  clk_div/count_reg[3]/Q
                         net (fo=2, routed)           0.120     0.261    clk_div/count_reg[3]
    SLICE_X61Y21         CARRY4 (Prop_carry4_S[3]_O[3])
                                                      0.108     0.369 r  clk_div/count_reg[0]_i_2/O[3]
                         net (fo=1, routed)           0.000     0.369    clk_div/count_reg[0]_i_2_n_4
    SLICE_X61Y21         FDRE                                         r  clk_div/count_reg[3]/D
  -------------------------------------------------------------------    -------------------

Slack:                    inf
  Source:                 clk_div/count_reg[16]/C
                            (rising edge-triggered cell FDRE)
  Destination:            clk_div/count_reg[16]/D
  Path Group:             (none)
  Path Type:              Min at Fast Process Corner
  Data Path Delay:        0.370ns  (logic 0.256ns (69.181%)  route 0.114ns (30.819%))
  Logic Levels:           2  (CARRY4=1 FDRE=1)

    Location             Delay type                Incr(ns)  Path(ns)    Netlist Resource(s)
  -------------------------------------------------------------------    -------------------
    SLICE_X61Y25         FDRE                         0.000     0.000 r  clk_div/count_reg[16]/C
    SLICE_X61Y25         FDRE (Prop_fdre_C_Q)         0.141     0.141 r  clk_div/count_reg[16]/Q
                         net (fo=2, routed)           0.114     0.255    clk_div/count_reg[16]
    SLICE_X61Y25         CARRY4 (Prop_carry4_S[0]_O[0])
                                                      0.115     0.370 r  clk_div/count_reg[16]_i_1/O[0]
                         net (fo=1, routed)           0.000     0.370    clk_div/count_reg[16]_i_1_n_7
    SLICE_X61Y25         FDRE                                         r  clk_div/count_reg[16]/D
  -------------------------------------------------------------------    -------------------





