Vivado Simulator v2025.2
Copyright 1986-2022 Xilinx, Inc. All Rights Reserved.
Copyright 2022-2025 Advanced Micro Devices, Inc. All Rights Reserved.
Running: C:/AMDDesignTools/2025.2/Vivado/bin/unwrapped/win64.o/xelab.exe --incr --debug typical --relax --mt 2 -L xil_defaultlib -L uvm -L unisims_ver -L unimacro_ver -L secureip --snapshot testbenchForRegister_behav xil_defaultlib.testbenchForRegister xil_defaultlib.glbl -log elaborate.log 
Using 2 slave threads.
Starting static elaboration
Pass Through NonSizing Optimizer
Completed static elaboration
Starting simulation data flow analysis
WARNING: [XSIM 43-4099] "C:/Vivaldo/Lab2/Question1/Question1.srcs/sim_1/new/testbenchForRegister.sv" Line 1. Module testbenchForRegister doesn't have a timescale but at least one module in design has a timescale.
WARNING: [XSIM 43-4099] "C:/Vivaldo/Lab2/Question1/Question1.srcs/sources_1/new/Multifnonctinal_Register.sv" Line 1. Module multifunction_register doesn't have a timescale but at least one module in design has a timescale.
WARNING: [XSIM 43-4099] "C:/Vivaldo/Lab2/Question1/Question1.srcs/sources_1/new/Multiplexer_8_to_1.sv" Line 1. Module Multiplexer_8_to_1 doesn't have a timescale but at least one module in design has a timescale.
WARNING: [XSIM 43-4099] "C:/Vivaldo/Lab2/Question1/Question1.srcs/sources_1/new/D_Flip_Flop.sv" Line 1. Module D_Flip_Flop doesn't have a timescale but at least one module in design has a timescale.
WARNING: [XSIM 43-4099] "C:/Vivaldo/Lab2/Question1/Question1.srcs/sources_1/new/Multiplexer_8_to_1.sv" Line 1. Module Multiplexer_8_to_1 doesn't have a timescale but at least one module in design has a timescale.
WARNING: [XSIM 43-4099] "C:/Vivaldo/Lab2/Question1/Question1.srcs/sources_1/new/D_Flip_Flop.sv" Line 1. Module D_Flip_Flop doesn't have a timescale but at least one module in design has a timescale.
WARNING: [XSIM 43-4099] "C:/Vivaldo/Lab2/Question1/Question1.srcs/sources_1/new/Multiplexer_8_to_1.sv" Line 1. Module Multiplexer_8_to_1 doesn't have a timescale but at least one module in design has a timescale.
WARNING: [XSIM 43-4099] "C:/Vivaldo/Lab2/Question1/Question1.srcs/sources_1/new/D_Flip_Flop.sv" Line 1. Module D_Flip_Flop doesn't have a timescale but at least one module in design has a timescale.
WARNING: [XSIM 43-4099] "C:/Vivaldo/Lab2/Question1/Question1.srcs/sources_1/new/Multiplexer_8_to_1.sv" Line 1. Module Multiplexer_8_to_1 doesn't have a timescale but at least one module in design has a timescale.
WARNING: [XSIM 43-4099] "C:/Vivaldo/Lab2/Question1/Question1.srcs/sources_1/new/D_Flip_Flop.sv" Line 1. Module D_Flip_Flop doesn't have a timescale but at least one module in design has a timescale.
WARNING: [XSIM 43-4099] "C:/Vivaldo/Lab2/Question1/Question1.srcs/sources_1/new/Multiplexer_8_to_1.sv" Line 1. Module Multiplexer_8_to_1 doesn't have a timescale but at least one module in design has a timescale.
WARNING: [XSIM 43-4099] "C:/Vivaldo/Lab2/Question1/Question1.srcs/sources_1/new/D_Flip_Flop.sv" Line 1. Module D_Flip_Flop doesn't have a timescale but at least one module in design has a timescale.
WARNING: [XSIM 43-4099] "C:/Vivaldo/Lab2/Question1/Question1.srcs/sources_1/new/Multiplexer_8_to_1.sv" Line 1. Module Multiplexer_8_to_1 doesn't have a timescale but at least one module in design has a timescale.
WARNING: [XSIM 43-4099] "C:/Vivaldo/Lab2/Question1/Question1.srcs/sources_1/new/D_Flip_Flop.sv" Line 1. Module D_Flip_Flop doesn't have a timescale but at least one module in design has a timescale.
WARNING: [XSIM 43-4099] "C:/Vivaldo/Lab2/Question1/Question1.srcs/sources_1/new/Multiplexer_8_to_1.sv" Line 1. Module Multiplexer_8_to_1 doesn't have a timescale but at least one module in design has a timescale.
WARNING: [XSIM 43-4099] "C:/Vivaldo/Lab2/Question1/Question1.srcs/sources_1/new/D_Flip_Flop.sv" Line 1. Module D_Flip_Flop doesn't have a timescale but at least one module in design has a timescale.
WARNING: [XSIM 43-4099] "C:/Vivaldo/Lab2/Question1/Question1.srcs/sources_1/new/Multiplexer_8_to_1.sv" Line 1. Module Multiplexer_8_to_1 doesn't have a timescale but at least one module in design has a timescale.
WARNING: [XSIM 43-4099] "C:/Vivaldo/Lab2/Question1/Question1.srcs/sources_1/new/D_Flip_Flop.sv" Line 1. Module D_Flip_Flop doesn't have a timescale but at least one module in design has a timescale.
Completed simulation data flow analysis
Time Resolution for simulation is 1ps
Compiling module xil_defaultlib.Multiplexer_8_to_1
Compiling module xil_defaultlib.D_Flip_Flop
Compiling module xil_defaultlib.multifunction_register
Compiling module xil_defaultlib.testbenchForRegister
Compiling module xil_defaultlib.glbl
Built simulation snapshot testbenchForRegister_behav
