Copyright 1986-2022 Xilinx, Inc. All Rights Reserved. Copyright 2022-2025 Advanced Micro Devices, Inc. All Rights Reserved.
------------------------------------------------------------------------------------------------------------------------------------------------------------------------------------------------------------------------------------------------
| Tool Version : Vivado v.2025.2 (win64) Build 6299465 Fri Nov 14 19:35:11 GMT 2025
| Date         : Thu Feb 26 04:16:11 2026
| Host         : LAPTOP-DPIKD9V7 running 64-bit major release  (build 9200)
| Command      : report_timing_summary -max_paths 10 -routable_nets -report_unconstrained -file decoder_3to8_timing_summary_routed.rpt -pb decoder_3to8_timing_summary_routed.pb -rpx decoder_3to8_timing_summary_routed.rpx -warn_on_violation
| Design       : decoder_3to8
| Device       : 7a35t-cpg236
| Speed File   : -1  PRODUCTION 1.23 2018-06-13
| Design State : Routed
------------------------------------------------------------------------------------------------------------------------------------------------------------------------------------------------------------------------------------------------

Timing Summary Report

------------------------------------------------------------------------------------------------
| Timer Settings
| --------------
------------------------------------------------------------------------------------------------

  Enable Multi Corner Analysis               :  Yes
  Enable Pessimism Removal                   :  Yes
  Pessimism Removal Resolution               :  Nearest Common Node
  Enable Input Delay Default Clock           :  No
  Enable Preset / Clear Arcs                 :  No
  Disable Flight Delays                      :  No
  Ignore I/O Paths                           :  No
  Timing Early Launch at Borrowing Latches   :  No
  Borrow Time for Max Delay Exceptions       :  Yes
  Merge Timing Exceptions                    :  Yes
  Inter-SLR Compensation                     :  Conservative

  Corner  Analyze    Analyze    
  Name    Max Paths  Min Paths  
  ------  ---------  ---------  
  Slow    Yes        Yes        
  Fast    Yes        Yes        


------------------------------------------------------------------------------------------------
| Report Methodology
| ------------------
------------------------------------------------------------------------------------------------

No report available as report_methodology has not been run prior. Run report_methodology on the current design for the summary of methodology violations.



check_timing report

Table of Contents
-----------------
1. checking no_clock (0)
2. checking constant_clock (0)
3. checking pulse_width_clock (0)
4. checking unconstrained_internal_endpoints (0)
5. checking no_input_delay (0)
6. checking no_output_delay (0)
7. checking multiple_clock (0)
8. checking generated_clocks (0)
9. checking loops (0)
10. checking partial_input_delay (0)
11. checking partial_output_delay (0)
12. checking latch_loops (0)

1. checking no_clock (0)
------------------------
 There are 0 register/latch pins with no clock.


2. checking constant_clock (0)
------------------------------
 There are 0 register/latch pins with constant_clock.


3. checking pulse_width_clock (0)
---------------------------------
 There are 0 register/latch pins which need pulse_width check


4. checking unconstrained_internal_endpoints (0)
------------------------------------------------
 There are 0 pins that are not constrained for maximum delay.

 There are 0 pins that are not constrained for maximum delay due to constant clock.


5. checking no_input_delay (0)
------------------------------
 There are 0 input ports with no input delay specified.

 There are 0 input ports with no input delay but user has a false path constraint.


6. checking no_output_delay (0)
-------------------------------
 There are 0 ports with no output delay specified.

 There are 0 ports with no output delay but user has a false path constraint

 There are 0 ports with no output delay but with a timing clock defined on it or propagating through it


7. checking multiple_clock (0)
------------------------------
 There are 0 register/latch pins with multiple clocks.


8. checking generated_clocks (0)
--------------------------------
 There are 0 generated clocks that are not connected to a clock source.


9. checking loops (0)
---------------------
 There are 0 combinational loops in the design.


10. checking partial_input_delay (0)
------------------------------------
 There are 0 input ports with partial input delay specified.


11. checking partial_output_delay (0)
-------------------------------------
 There are 0 ports with partial output delay specified.


12. checking latch_loops (0)
----------------------------
 There are 0 combinational latch loops in the design through latch input



------------------------------------------------------------------------------------------------
| Design Timing Summary
| ---------------------
------------------------------------------------------------------------------------------------

    WNS(ns)      TNS(ns)  TNS Failing Endpoints  TNS Total Endpoints      WHS(ns)      THS(ns)  THS Failing Endpoints  THS Total Endpoints     WPWS(ns)     TPWS(ns)  TPWS Failing Endpoints  TPWS Total Endpoints  
    -------      -------  ---------------------  -------------------      -------      -------  ---------------------  -------------------     --------     --------  ----------------------  --------------------  
        inf        0.000                      0                    8          inf        0.000                      0                    8           NA           NA                      NA                    NA  


There are no user specified timing constraints.


------------------------------------------------------------------------------------------------
| Clock Summary
| -------------
------------------------------------------------------------------------------------------------


------------------------------------------------------------------------------------------------
| Intra Clock Table
| -----------------
------------------------------------------------------------------------------------------------

Clock             WNS(ns)      TNS(ns)  TNS Failing Endpoints  TNS Total Endpoints      WHS(ns)      THS(ns)  THS Failing Endpoints  THS Total Endpoints     WPWS(ns)     TPWS(ns)  TPWS Failing Endpoints  TPWS Total Endpoints  
-----             -------      -------  ---------------------  -------------------      -------      -------  ---------------------  -------------------     --------     --------  ----------------------  --------------------  


------------------------------------------------------------------------------------------------
| Inter Clock Table
| -----------------
------------------------------------------------------------------------------------------------

From Clock    To Clock          WNS(ns)      TNS(ns)  TNS Failing Endpoints  TNS Total Endpoints      WHS(ns)      THS(ns)  THS Failing Endpoints  THS Total Endpoints  
----------    --------          -------      -------  ---------------------  -------------------      -------      -------  ---------------------  -------------------  


------------------------------------------------------------------------------------------------
| Other Path Groups Table
| -----------------------
------------------------------------------------------------------------------------------------

Path Group    From Clock    To Clock          WNS(ns)      TNS(ns)  TNS Failing Endpoints  TNS Total Endpoints      WHS(ns)      THS(ns)  THS Failing Endpoints  THS Total Endpoints  
----------    ----------    --------          -------      -------  ---------------------  -------------------      -------      -------  ---------------------  -------------------  


------------------------------------------------------------------------------------------------
| User Ignored Path Table
| -----------------------
------------------------------------------------------------------------------------------------

Path Group    From Clock    To Clock    
----------    ----------    --------    


------------------------------------------------------------------------------------------------
| Unconstrained Path Table
| ------------------------
------------------------------------------------------------------------------------------------

Path Group    From Clock    To Clock    
----------    ----------    --------    
(none)                                    


------------------------------------------------------------------------------------------------
| Timing Details
| --------------
------------------------------------------------------------------------------------------------


--------------------------------------------------------------------------------------
Path Group:  (none)
From Clock:  
  To Clock:  

Max Delay             8 Endpoints
Min Delay             8 Endpoints
--------------------------------------------------------------------------------------


Max Delay Paths
--------------------------------------------------------------------------------------
Slack:                    inf
  Source:                 E
                            (input port)
  Destination:            Y1
                            (output port)
  Path Group:             (none)
  Path Type:              Max at Slow Process Corner
  Data Path Delay:        11.963ns  (logic 5.110ns (42.714%)  route 6.853ns (57.286%))
  Logic Levels:           3  (IBUF=1 LUT4=1 OBUF=1)

    Location             Delay type                Incr(ns)  Path(ns)    Netlist Resource(s)
  -------------------------------------------------------------------    -------------------
    R2                                                0.000     0.000 r  E (IN)
                         net (fo=0)                   0.000     0.000    E
    R2                   IBUF (Prop_ibuf_I_O)         1.456     1.456 r  E_IBUF_inst/O
                         net (fo=8, routed)           4.276     5.732    E_IBUF
    SLICE_X0Y11          LUT4 (Prop_lut4_I1_O)        0.124     5.856 r  Y1_OBUF_inst_i_1/O
                         net (fo=1, routed)           2.577     8.433    Y1_OBUF
    E19                  OBUF (Prop_obuf_I_O)         3.530    11.963 r  Y1_OBUF_inst/O
                         net (fo=0)                   0.000    11.963    Y1
    E19                                                               r  Y1 (OUT)
  -------------------------------------------------------------------    -------------------

Slack:                    inf
  Source:                 E
                            (input port)
  Destination:            Y6
                            (output port)
  Path Group:             (none)
  Path Type:              Max at Slow Process Corner
  Data Path Delay:        11.714ns  (logic 5.318ns (45.401%)  route 6.396ns (54.599%))
  Logic Levels:           3  (IBUF=1 LUT4=1 OBUF=1)

    Location             Delay type                Incr(ns)  Path(ns)    Netlist Resource(s)
  -------------------------------------------------------------------    -------------------
    R2                                                0.000     0.000 r  E (IN)
                         net (fo=0)                   0.000     0.000    E
    R2                   IBUF (Prop_ibuf_I_O)         1.456     1.456 r  E_IBUF_inst/O
                         net (fo=8, routed)           4.322     5.779    E_IBUF
    SLICE_X0Y11          LUT4 (Prop_lut4_I1_O)        0.153     5.932 r  Y6_OBUF_inst_i_1/O
                         net (fo=1, routed)           2.073     8.005    Y6_OBUF
    U14                  OBUF (Prop_obuf_I_O)         3.709    11.714 r  Y6_OBUF_inst/O
                         net (fo=0)                   0.000    11.714    Y6
    U14                                                               r  Y6 (OUT)
  -------------------------------------------------------------------    -------------------

Slack:                    inf
  Source:                 E
                            (input port)
  Destination:            Y7
                            (output port)
  Path Group:             (none)
  Path Type:              Max at Slow Process Corner
  Data Path Delay:        11.705ns  (logic 5.314ns (45.399%)  route 6.391ns (54.601%))
  Logic Levels:           3  (IBUF=1 LUT4=1 OBUF=1)

    Location             Delay type                Incr(ns)  Path(ns)    Netlist Resource(s)
  -------------------------------------------------------------------    -------------------
    R2                                                0.000     0.000 r  E (IN)
                         net (fo=0)                   0.000     0.000    E
    R2                   IBUF (Prop_ibuf_I_O)         1.456     1.456 r  E_IBUF_inst/O
                         net (fo=8, routed)           4.316     5.772    E_IBUF
    SLICE_X0Y11          LUT4 (Prop_lut4_I1_O)        0.149     5.921 r  Y7_OBUF_inst_i_1/O
                         net (fo=1, routed)           2.075     7.996    Y7_OBUF
    V14                  OBUF (Prop_obuf_I_O)         3.709    11.705 r  Y7_OBUF_inst/O
                         net (fo=0)                   0.000    11.705    Y7
    V14                                                               r  Y7 (OUT)
  -------------------------------------------------------------------    -------------------

Slack:                    inf
  Source:                 E
                            (input port)
  Destination:            Y0
                            (output port)
  Path Group:             (none)
  Path Type:              Max at Slow Process Corner
  Data Path Delay:        11.624ns  (logic 5.321ns (45.776%)  route 6.303ns (54.224%))
  Logic Levels:           3  (IBUF=1 LUT4=1 OBUF=1)

    Location             Delay type                Incr(ns)  Path(ns)    Netlist Resource(s)
  -------------------------------------------------------------------    -------------------
    R2                                                0.000     0.000 r  E (IN)
                         net (fo=0)                   0.000     0.000    E
    R2                   IBUF (Prop_ibuf_I_O)         1.456     1.456 r  E_IBUF_inst/O
                         net (fo=8, routed)           4.278     5.735    E_IBUF
    SLICE_X0Y11          LUT4 (Prop_lut4_I1_O)        0.152     5.887 r  Y0_OBUF_inst_i_1/O
                         net (fo=1, routed)           2.025     7.911    Y0_OBUF
    U16                  OBUF (Prop_obuf_I_O)         3.713    11.624 r  Y0_OBUF_inst/O
                         net (fo=0)                   0.000    11.624    Y0
    U16                                                               r  Y0 (OUT)
  -------------------------------------------------------------------    -------------------

Slack:                    inf
  Source:                 E
                            (input port)
  Destination:            Y3
                            (output port)
  Path Group:             (none)
  Path Type:              Max at Slow Process Corner
  Data Path Delay:        11.609ns  (logic 5.319ns (45.819%)  route 6.290ns (54.181%))
  Logic Levels:           3  (IBUF=1 LUT4=1 OBUF=1)

    Location             Delay type                Incr(ns)  Path(ns)    Netlist Resource(s)
  -------------------------------------------------------------------    -------------------
    R2                                                0.000     0.000 r  E (IN)
                         net (fo=0)                   0.000     0.000    E
    R2                   IBUF (Prop_ibuf_I_O)         1.456     1.456 r  E_IBUF_inst/O
                         net (fo=8, routed)           4.276     5.732    E_IBUF
    SLICE_X0Y11          LUT4 (Prop_lut4_I1_O)        0.152     5.884 r  Y3_OBUF_inst_i_1/O
                         net (fo=1, routed)           2.014     7.898    Y3_OBUF
    V19                  OBUF (Prop_obuf_I_O)         3.711    11.609 r  Y3_OBUF_inst/O
                         net (fo=0)                   0.000    11.609    Y3
    V19                                                               r  Y3 (OUT)
  -------------------------------------------------------------------    -------------------

Slack:                    inf
  Source:                 E
                            (input port)
  Destination:            Y5
                            (output port)
  Path Group:             (none)
  Path Type:              Max at Slow Process Corner
  Data Path Delay:        11.426ns  (logic 5.095ns (44.587%)  route 6.332ns (55.413%))
  Logic Levels:           3  (IBUF=1 LUT4=1 OBUF=1)

    Location             Delay type                Incr(ns)  Path(ns)    Netlist Resource(s)
  -------------------------------------------------------------------    -------------------
    R2                                                0.000     0.000 r  E (IN)
                         net (fo=0)                   0.000     0.000    E
    R2                   IBUF (Prop_ibuf_I_O)         1.456     1.456 r  E_IBUF_inst/O
                         net (fo=8, routed)           4.316     5.772    E_IBUF
    SLICE_X0Y11          LUT4 (Prop_lut4_I1_O)        0.124     5.896 r  Y5_OBUF_inst_i_1/O
                         net (fo=1, routed)           2.016     7.912    Y5_OBUF
    U15                  OBUF (Prop_obuf_I_O)         3.514    11.426 r  Y5_OBUF_inst/O
                         net (fo=0)                   0.000    11.426    Y5
    U15                                                               r  Y5 (OUT)
  -------------------------------------------------------------------    -------------------

Slack:                    inf
  Source:                 E
                            (input port)
  Destination:            Y4
                            (output port)
  Path Group:             (none)
  Path Type:              Max at Slow Process Corner
  Data Path Delay:        11.282ns  (logic 5.089ns (45.105%)  route 6.193ns (54.895%))
  Logic Levels:           3  (IBUF=1 LUT4=1 OBUF=1)

    Location             Delay type                Incr(ns)  Path(ns)    Netlist Resource(s)
  -------------------------------------------------------------------    -------------------
    R2                                                0.000     0.000 r  E (IN)
                         net (fo=0)                   0.000     0.000    E
    R2                   IBUF (Prop_ibuf_I_O)         1.456     1.456 r  E_IBUF_inst/O
                         net (fo=8, routed)           4.322     5.779    E_IBUF
    SLICE_X0Y11          LUT4 (Prop_lut4_I1_O)        0.124     5.903 r  Y4_OBUF_inst_i_1/O
                         net (fo=1, routed)           1.871     7.773    Y4_OBUF
    W18                  OBUF (Prop_obuf_I_O)         3.509    11.282 r  Y4_OBUF_inst/O
                         net (fo=0)                   0.000    11.282    Y4
    W18                                                               r  Y4 (OUT)
  -------------------------------------------------------------------    -------------------

Slack:                    inf
  Source:                 E
                            (input port)
  Destination:            Y2
                            (output port)
  Path Group:             (none)
  Path Type:              Max at Slow Process Corner
  Data Path Delay:        11.276ns  (logic 5.081ns (45.061%)  route 6.195ns (54.939%))
  Logic Levels:           3  (IBUF=1 LUT4=1 OBUF=1)

    Location             Delay type                Incr(ns)  Path(ns)    Netlist Resource(s)
  -------------------------------------------------------------------    -------------------
    R2                                                0.000     0.000 r  E (IN)
                         net (fo=0)                   0.000     0.000    E
    R2                   IBUF (Prop_ibuf_I_O)         1.456     1.456 r  E_IBUF_inst/O
                         net (fo=8, routed)           4.278     5.735    E_IBUF
    SLICE_X0Y11          LUT4 (Prop_lut4_I1_O)        0.124     5.859 r  Y2_OBUF_inst_i_1/O
                         net (fo=1, routed)           1.917     7.775    Y2_OBUF
    U19                  OBUF (Prop_obuf_I_O)         3.501    11.276 r  Y2_OBUF_inst/O
                         net (fo=0)                   0.000    11.276    Y2
    U19                                                               r  Y2 (OUT)
  -------------------------------------------------------------------    -------------------





Min Delay Paths
--------------------------------------------------------------------------------------
Slack:                    inf
  Source:                 A0
                            (input port)
  Destination:            Y2
                            (output port)
  Path Group:             (none)
  Path Type:              Min at Fast Process Corner
  Data Path Delay:        2.260ns  (logic 1.468ns (64.972%)  route 0.791ns (35.028%))
  Logic Levels:           3  (IBUF=1 LUT4=1 OBUF=1)

    Location             Delay type                Incr(ns)  Path(ns)    Netlist Resource(s)
  -------------------------------------------------------------------    -------------------
    V17                                               0.000     0.000 f  A0 (IN)
                         net (fo=0)                   0.000     0.000    A0
    V17                  IBUF (Prop_ibuf_I_O)         0.221     0.221 f  A0_IBUF_inst/O
                         net (fo=8, routed)           0.361     0.582    A0_IBUF
    SLICE_X0Y11          LUT4 (Prop_lut4_I3_O)        0.045     0.627 r  Y2_OBUF_inst_i_1/O
                         net (fo=1, routed)           0.431     1.057    Y2_OBUF
    U19                  OBUF (Prop_obuf_I_O)         1.202     2.260 r  Y2_OBUF_inst/O
                         net (fo=0)                   0.000     2.260    Y2
    U19                                                               r  Y2 (OUT)
  -------------------------------------------------------------------    -------------------

Slack:                    inf
  Source:                 A1
                            (input port)
  Destination:            Y4
                            (output port)
  Path Group:             (none)
  Path Type:              Min at Fast Process Corner
  Data Path Delay:        2.370ns  (logic 1.484ns (62.611%)  route 0.886ns (37.389%))
  Logic Levels:           3  (IBUF=1 LUT4=1 OBUF=1)

    Location             Delay type                Incr(ns)  Path(ns)    Netlist Resource(s)
  -------------------------------------------------------------------    -------------------
    V16                                               0.000     0.000 f  A1 (IN)
                         net (fo=0)                   0.000     0.000    A1
    V16                  IBUF (Prop_ibuf_I_O)         0.229     0.229 f  A1_IBUF_inst/O
                         net (fo=8, routed)           0.465     0.694    A1_IBUF
    SLICE_X0Y11          LUT4 (Prop_lut4_I0_O)        0.045     0.739 r  Y4_OBUF_inst_i_1/O
                         net (fo=1, routed)           0.422     1.161    Y4_OBUF
    W18                  OBUF (Prop_obuf_I_O)         1.210     2.370 r  Y4_OBUF_inst/O
                         net (fo=0)                   0.000     2.370    Y4
    W18                                                               r  Y4 (OUT)
  -------------------------------------------------------------------    -------------------

Slack:                    inf
  Source:                 A0
                            (input port)
  Destination:            Y3
                            (output port)
  Path Group:             (none)
  Path Type:              Min at Fast Process Corner
  Data Path Delay:        2.380ns  (logic 1.541ns (64.746%)  route 0.839ns (35.254%))
  Logic Levels:           3  (IBUF=1 LUT4=1 OBUF=1)

    Location             Delay type                Incr(ns)  Path(ns)    Netlist Resource(s)
  -------------------------------------------------------------------    -------------------
    V17                                               0.000     0.000 r  A0 (IN)
                         net (fo=0)                   0.000     0.000    A0
    V17                  IBUF (Prop_ibuf_I_O)         0.221     0.221 r  A0_IBUF_inst/O
                         net (fo=8, routed)           0.360     0.581    A0_IBUF
    SLICE_X0Y11          LUT4 (Prop_lut4_I3_O)        0.048     0.629 r  Y3_OBUF_inst_i_1/O
                         net (fo=1, routed)           0.479     1.108    Y3_OBUF
    V19                  OBUF (Prop_obuf_I_O)         1.272     2.380 r  Y3_OBUF_inst/O
                         net (fo=0)                   0.000     2.380    Y3
    V19                                                               r  Y3 (OUT)
  -------------------------------------------------------------------    -------------------

Slack:                    inf
  Source:                 A0
                            (input port)
  Destination:            Y0
                            (output port)
  Path Group:             (none)
  Path Type:              Min at Fast Process Corner
  Data Path Delay:        2.396ns  (logic 1.543ns (64.387%)  route 0.853ns (35.613%))
  Logic Levels:           3  (IBUF=1 LUT4=1 OBUF=1)

    Location             Delay type                Incr(ns)  Path(ns)    Netlist Resource(s)
  -------------------------------------------------------------------    -------------------
    V17                                               0.000     0.000 f  A0 (IN)
                         net (fo=0)                   0.000     0.000    A0
    V17                  IBUF (Prop_ibuf_I_O)         0.221     0.221 f  A0_IBUF_inst/O
                         net (fo=8, routed)           0.361     0.582    A0_IBUF
    SLICE_X0Y11          LUT4 (Prop_lut4_I3_O)        0.049     0.631 r  Y0_OBUF_inst_i_1/O
                         net (fo=1, routed)           0.493     1.123    Y0_OBUF
    U16                  OBUF (Prop_obuf_I_O)         1.273     2.396 r  Y0_OBUF_inst/O
                         net (fo=0)                   0.000     2.396    Y0
    U16                                                               r  Y0 (OUT)
  -------------------------------------------------------------------    -------------------

Slack:                    inf
  Source:                 A1
                            (input port)
  Destination:            Y5
                            (output port)
  Path Group:             (none)
  Path Type:              Min at Fast Process Corner
  Data Path Delay:        2.427ns  (logic 1.490ns (61.385%)  route 0.937ns (38.615%))
  Logic Levels:           3  (IBUF=1 LUT4=1 OBUF=1)

    Location             Delay type                Incr(ns)  Path(ns)    Netlist Resource(s)
  -------------------------------------------------------------------    -------------------
    V16                                               0.000     0.000 f  A1 (IN)
                         net (fo=0)                   0.000     0.000    A1
    V16                  IBUF (Prop_ibuf_I_O)         0.229     0.229 f  A1_IBUF_inst/O
                         net (fo=8, routed)           0.458     0.687    A1_IBUF
    SLICE_X0Y11          LUT4 (Prop_lut4_I0_O)        0.045     0.732 r  Y5_OBUF_inst_i_1/O
                         net (fo=1, routed)           0.479     1.212    Y5_OBUF
    U15                  OBUF (Prop_obuf_I_O)         1.216     2.427 r  Y5_OBUF_inst/O
                         net (fo=0)                   0.000     2.427    Y5
    U15                                                               r  Y5 (OUT)
  -------------------------------------------------------------------    -------------------

Slack:                    inf
  Source:                 A1
                            (input port)
  Destination:            Y7
                            (output port)
  Path Group:             (none)
  Path Type:              Min at Fast Process Corner
  Data Path Delay:        2.513ns  (logic 1.542ns (61.379%)  route 0.970ns (38.621%))
  Logic Levels:           3  (IBUF=1 LUT4=1 OBUF=1)

    Location             Delay type                Incr(ns)  Path(ns)    Netlist Resource(s)
  -------------------------------------------------------------------    -------------------
    V16                                               0.000     0.000 r  A1 (IN)
                         net (fo=0)                   0.000     0.000    A1
    V16                  IBUF (Prop_ibuf_I_O)         0.229     0.229 r  A1_IBUF_inst/O
                         net (fo=8, routed)           0.458     0.687    A1_IBUF
    SLICE_X0Y11          LUT4 (Prop_lut4_I0_O)        0.044     0.731 r  Y7_OBUF_inst_i_1/O
                         net (fo=1, routed)           0.512     1.244    Y7_OBUF
    V14                  OBUF (Prop_obuf_I_O)         1.269     2.513 r  Y7_OBUF_inst/O
                         net (fo=0)                   0.000     2.513    Y7
    V14                                                               r  Y7 (OUT)
  -------------------------------------------------------------------    -------------------

Slack:                    inf
  Source:                 A1
                            (input port)
  Destination:            Y6
                            (output port)
  Path Group:             (none)
  Path Type:              Min at Fast Process Corner
  Data Path Delay:        2.518ns  (logic 1.547ns (61.433%)  route 0.971ns (38.567%))
  Logic Levels:           3  (IBUF=1 LUT4=1 OBUF=1)

    Location             Delay type                Incr(ns)  Path(ns)    Netlist Resource(s)
  -------------------------------------------------------------------    -------------------
    V16                                               0.000     0.000 r  A1 (IN)
                         net (fo=0)                   0.000     0.000    A1
    V16                  IBUF (Prop_ibuf_I_O)         0.229     0.229 r  A1_IBUF_inst/O
                         net (fo=8, routed)           0.465     0.694    A1_IBUF
    SLICE_X0Y11          LUT4 (Prop_lut4_I0_O)        0.045     0.739 r  Y6_OBUF_inst_i_1/O
                         net (fo=1, routed)           0.506     1.245    Y6_OBUF
    U14                  OBUF (Prop_obuf_I_O)         1.272     2.518 r  Y6_OBUF_inst/O
                         net (fo=0)                   0.000     2.518    Y6
    U14                                                               r  Y6 (OUT)
  -------------------------------------------------------------------    -------------------

Slack:                    inf
  Source:                 A0
                            (input port)
  Destination:            Y1
                            (output port)
  Path Group:             (none)
  Path Type:              Min at Fast Process Corner
  Data Path Delay:        2.554ns  (logic 1.497ns (58.601%)  route 1.057ns (41.399%))
  Logic Levels:           3  (IBUF=1 LUT4=1 OBUF=1)

    Location             Delay type                Incr(ns)  Path(ns)    Netlist Resource(s)
  -------------------------------------------------------------------    -------------------
    V17                                               0.000     0.000 r  A0 (IN)
                         net (fo=0)                   0.000     0.000    A0
    V17                  IBUF (Prop_ibuf_I_O)         0.221     0.221 r  A0_IBUF_inst/O
                         net (fo=8, routed)           0.360     0.581    A0_IBUF
    SLICE_X0Y11          LUT4 (Prop_lut4_I3_O)        0.045     0.626 r  Y1_OBUF_inst_i_1/O
                         net (fo=1, routed)           0.697     1.323    Y1_OBUF
    E19                  OBUF (Prop_obuf_I_O)         1.231     2.554 r  Y1_OBUF_inst/O
                         net (fo=0)                   0.000     2.554    Y1
    E19                                                               r  Y1 (OUT)
  -------------------------------------------------------------------    -------------------





