Copyright 1986-2022 Xilinx, Inc. All Rights Reserved. Copyright 2022-2025 Advanced Micro Devices, Inc. All Rights Reserved.
---------------------------------------------------------------------------------------------------------------------------------------------------------------------------------------------------------------------
| Tool Version : Vivado v.2025.2 (win64) Build 6299465 Fri Nov 14 19:35:11 GMT 2025
| Date         : Mon Mar  2 15:25:27 2026
| Host         : LAPTOP-DPIKD9V7 running 64-bit major release  (build 9200)
| Command      : report_timing_summary -max_paths 10 -routable_nets -report_unconstrained -file add_timing_summary_routed.rpt -pb add_timing_summary_routed.pb -rpx add_timing_summary_routed.rpx -warn_on_violation
| Design       : add
| Device       : 7a35t-cpg236
| Speed File   : -1  PRODUCTION 1.23 2018-06-13
| Design State : Routed
---------------------------------------------------------------------------------------------------------------------------------------------------------------------------------------------------------------------

Timing Summary Report

------------------------------------------------------------------------------------------------
| Timer Settings
| --------------
------------------------------------------------------------------------------------------------

  Enable Multi Corner Analysis               :  Yes
  Enable Pessimism Removal                   :  Yes
  Pessimism Removal Resolution               :  Nearest Common Node
  Enable Input Delay Default Clock           :  No
  Enable Preset / Clear Arcs                 :  No
  Disable Flight Delays                      :  No
  Ignore I/O Paths                           :  No
  Timing Early Launch at Borrowing Latches   :  No
  Borrow Time for Max Delay Exceptions       :  Yes
  Merge Timing Exceptions                    :  Yes
  Inter-SLR Compensation                     :  Conservative

  Corner  Analyze    Analyze    
  Name    Max Paths  Min Paths  
  ------  ---------  ---------  
  Slow    Yes        Yes        
  Fast    Yes        Yes        


------------------------------------------------------------------------------------------------
| Report Methodology
| ------------------
------------------------------------------------------------------------------------------------

No report available as report_methodology has not been run prior. Run report_methodology on the current design for the summary of methodology violations.



check_timing report

Table of Contents
-----------------
1. checking no_clock (0)
2. checking constant_clock (0)
3. checking pulse_width_clock (0)
4. checking unconstrained_internal_endpoints (0)
5. checking no_input_delay (0)
6. checking no_output_delay (0)
7. checking multiple_clock (0)
8. checking generated_clocks (0)
9. checking loops (0)
10. checking partial_input_delay (0)
11. checking partial_output_delay (0)
12. checking latch_loops (0)

1. checking no_clock (0)
------------------------
 There are 0 register/latch pins with no clock.


2. checking constant_clock (0)
------------------------------
 There are 0 register/latch pins with constant_clock.


3. checking pulse_width_clock (0)
---------------------------------
 There are 0 register/latch pins which need pulse_width check


4. checking unconstrained_internal_endpoints (0)
------------------------------------------------
 There are 0 pins that are not constrained for maximum delay.

 There are 0 pins that are not constrained for maximum delay due to constant clock.


5. checking no_input_delay (0)
------------------------------
 There are 0 input ports with no input delay specified.

 There are 0 input ports with no input delay but user has a false path constraint.


6. checking no_output_delay (0)
-------------------------------
 There are 0 ports with no output delay specified.

 There are 0 ports with no output delay but user has a false path constraint

 There are 0 ports with no output delay but with a timing clock defined on it or propagating through it


7. checking multiple_clock (0)
------------------------------
 There are 0 register/latch pins with multiple clocks.


8. checking generated_clocks (0)
--------------------------------
 There are 0 generated clocks that are not connected to a clock source.


9. checking loops (0)
---------------------
 There are 0 combinational loops in the design.


10. checking partial_input_delay (0)
------------------------------------
 There are 0 input ports with partial input delay specified.


11. checking partial_output_delay (0)
-------------------------------------
 There are 0 ports with partial output delay specified.


12. checking latch_loops (0)
----------------------------
 There are 0 combinational latch loops in the design through latch input



------------------------------------------------------------------------------------------------
| Design Timing Summary
| ---------------------
------------------------------------------------------------------------------------------------

    WNS(ns)      TNS(ns)  TNS Failing Endpoints  TNS Total Endpoints      WHS(ns)      THS(ns)  THS Failing Endpoints  THS Total Endpoints     WPWS(ns)     TPWS(ns)  TPWS Failing Endpoints  TPWS Total Endpoints  
    -------      -------  ---------------------  -------------------      -------      -------  ---------------------  -------------------     --------     --------  ----------------------  --------------------  
        inf        0.000                      0                    5          inf        0.000                      0                    5           NA           NA                      NA                    NA  


There are no user specified timing constraints.


------------------------------------------------------------------------------------------------
| Clock Summary
| -------------
------------------------------------------------------------------------------------------------


------------------------------------------------------------------------------------------------
| Intra Clock Table
| -----------------
------------------------------------------------------------------------------------------------

Clock             WNS(ns)      TNS(ns)  TNS Failing Endpoints  TNS Total Endpoints      WHS(ns)      THS(ns)  THS Failing Endpoints  THS Total Endpoints     WPWS(ns)     TPWS(ns)  TPWS Failing Endpoints  TPWS Total Endpoints  
-----             -------      -------  ---------------------  -------------------      -------      -------  ---------------------  -------------------     --------     --------  ----------------------  --------------------  


------------------------------------------------------------------------------------------------
| Inter Clock Table
| -----------------
------------------------------------------------------------------------------------------------

From Clock    To Clock          WNS(ns)      TNS(ns)  TNS Failing Endpoints  TNS Total Endpoints      WHS(ns)      THS(ns)  THS Failing Endpoints  THS Total Endpoints  
----------    --------          -------      -------  ---------------------  -------------------      -------      -------  ---------------------  -------------------  


------------------------------------------------------------------------------------------------
| Other Path Groups Table
| -----------------------
------------------------------------------------------------------------------------------------

Path Group    From Clock    To Clock          WNS(ns)      TNS(ns)  TNS Failing Endpoints  TNS Total Endpoints      WHS(ns)      THS(ns)  THS Failing Endpoints  THS Total Endpoints  
----------    ----------    --------          -------      -------  ---------------------  -------------------      -------      -------  ---------------------  -------------------  


------------------------------------------------------------------------------------------------
| User Ignored Path Table
| -----------------------
------------------------------------------------------------------------------------------------

Path Group    From Clock    To Clock    
----------    ----------    --------    


------------------------------------------------------------------------------------------------
| Unconstrained Path Table
| ------------------------
------------------------------------------------------------------------------------------------

Path Group    From Clock    To Clock    
----------    ----------    --------    
(none)                                    


------------------------------------------------------------------------------------------------
| Timing Details
| --------------
------------------------------------------------------------------------------------------------


--------------------------------------------------------------------------------------
Path Group:  (none)
From Clock:  
  To Clock:  

Max Delay             5 Endpoints
Min Delay             5 Endpoints
--------------------------------------------------------------------------------------


Max Delay Paths
--------------------------------------------------------------------------------------
Slack:                    inf
  Source:                 C
                            (input port)
  Destination:            S[1]
                            (output port)
  Path Group:             (none)
  Path Type:              Max at Slow Process Corner
  Data Path Delay:        12.238ns  (logic 5.338ns (43.620%)  route 6.900ns (56.380%))
  Logic Levels:           3  (IBUF=1 LUT5=1 OBUF=1)

    Location             Delay type                Incr(ns)  Path(ns)    Netlist Resource(s)
  -------------------------------------------------------------------    -------------------
    V2                                                0.000     0.000 r  C (IN)
                         net (fo=0)                   0.000     0.000    C
    V2                   IBUF (Prop_ibuf_I_O)         1.454     1.454 r  C_IBUF_inst/O
                         net (fo=5, routed)           4.059     5.514    C_IBUF
    SLICE_X0Y11          LUT5 (Prop_lut5_I3_O)        0.152     5.666 r  S_OBUF[1]_inst_i_1/O
                         net (fo=1, routed)           2.840     8.506    S_OBUF[1]
    E19                  OBUF (Prop_obuf_I_O)         3.732    12.238 r  S_OBUF[1]_inst/O
                         net (fo=0)                   0.000    12.238    S[1]
    E19                                                               r  S[1] (OUT)
  -------------------------------------------------------------------    -------------------

Slack:                    inf
  Source:                 C
                            (input port)
  Destination:            S[2]
                            (output port)
  Path Group:             (none)
  Path Type:              Max at Slow Process Corner
  Data Path Delay:        12.020ns  (logic 5.203ns (43.290%)  route 6.817ns (56.710%))
  Logic Levels:           4  (IBUF=1 LUT4=1 LUT5=1 OBUF=1)

    Location             Delay type                Incr(ns)  Path(ns)    Netlist Resource(s)
  -------------------------------------------------------------------    -------------------
    V2                                                0.000     0.000 r  C (IN)
                         net (fo=0)                   0.000     0.000    C
    V2                   IBUF (Prop_ibuf_I_O)         1.454     1.454 r  C_IBUF_inst/O
                         net (fo=5, routed)           4.059     5.514    C_IBUF
    SLICE_X0Y11          LUT5 (Prop_lut5_I1_O)        0.124     5.638 r  S_OBUF[3]_inst_i_2/O
                         net (fo=3, routed)           0.691     6.329    c2
    SLICE_X0Y11          LUT4 (Prop_lut4_I0_O)        0.124     6.453 r  S_OBUF[2]_inst_i_1/O
                         net (fo=1, routed)           2.066     8.519    S_OBUF[2]
    U19                  OBUF (Prop_obuf_I_O)         3.501    12.020 r  S_OBUF[2]_inst/O
                         net (fo=0)                   0.000    12.020    S[2]
    U19                                                               r  S[2] (OUT)
  -------------------------------------------------------------------    -------------------

Slack:                    inf
  Source:                 C
                            (input port)
  Destination:            S[3]
                            (output port)
  Path Group:             (none)
  Path Type:              Max at Slow Process Corner
  Data Path Delay:        11.971ns  (logic 5.212ns (43.533%)  route 6.760ns (56.467%))
  Logic Levels:           4  (IBUF=1 LUT5=1 LUT6=1 OBUF=1)

    Location             Delay type                Incr(ns)  Path(ns)    Netlist Resource(s)
  -------------------------------------------------------------------    -------------------
    V2                                                0.000     0.000 r  C (IN)
                         net (fo=0)                   0.000     0.000    C
    V2                   IBUF (Prop_ibuf_I_O)         1.454     1.454 r  C_IBUF_inst/O
                         net (fo=5, routed)           4.059     5.514    C_IBUF
    SLICE_X0Y11          LUT5 (Prop_lut5_I1_O)        0.124     5.638 r  S_OBUF[3]_inst_i_2/O
                         net (fo=3, routed)           0.690     6.327    c2
    SLICE_X0Y11          LUT6 (Prop_lut6_I0_O)        0.124     6.451 r  S_OBUF[3]_inst_i_1/O
                         net (fo=1, routed)           2.011     8.462    S_OBUF[3]
    V19                  OBUF (Prop_obuf_I_O)         3.509    11.971 r  S_OBUF[3]_inst/O
                         net (fo=0)                   0.000    11.971    S[3]
    V19                                                               r  S[3] (OUT)
  -------------------------------------------------------------------    -------------------

Slack:                    inf
  Source:                 C
                            (input port)
  Destination:            Cout
                            (output port)
  Path Group:             (none)
  Path Type:              Max at Slow Process Corner
  Data Path Delay:        11.448ns  (logic 5.211ns (45.519%)  route 6.237ns (54.481%))
  Logic Levels:           4  (IBUF=1 LUT5=1 LUT6=1 OBUF=1)

    Location             Delay type                Incr(ns)  Path(ns)    Netlist Resource(s)
  -------------------------------------------------------------------    -------------------
    V2                                                0.000     0.000 r  C (IN)
                         net (fo=0)                   0.000     0.000    C
    V2                   IBUF (Prop_ibuf_I_O)         1.454     1.454 r  C_IBUF_inst/O
                         net (fo=5, routed)           4.059     5.514    C_IBUF
    SLICE_X0Y11          LUT5 (Prop_lut5_I1_O)        0.124     5.638 r  S_OBUF[3]_inst_i_2/O
                         net (fo=3, routed)           0.300     5.938    c2
    SLICE_X0Y11          LUT6 (Prop_lut6_I5_O)        0.124     6.062 r  Cout_OBUF_inst_i_1/O
                         net (fo=1, routed)           1.878     7.940    Cout_OBUF
    W18                  OBUF (Prop_obuf_I_O)         3.509    11.448 r  Cout_OBUF_inst/O
                         net (fo=0)                   0.000    11.448    Cout
    W18                                                               r  Cout (OUT)
  -------------------------------------------------------------------    -------------------

Slack:                    inf
  Source:                 A[0]
                            (input port)
  Destination:            S[0]
                            (output port)
  Path Group:             (none)
  Path Type:              Max at Slow Process Corner
  Data Path Delay:        8.176ns  (logic 5.082ns (62.152%)  route 3.094ns (37.848%))
  Logic Levels:           3  (IBUF=1 LUT2=1 OBUF=1)

    Location             Delay type                Incr(ns)  Path(ns)    Netlist Resource(s)
  -------------------------------------------------------------------    -------------------
    V17                                               0.000     0.000 r  A[0] (IN)
                         net (fo=0)                   0.000     0.000    A[0]
    V17                  IBUF (Prop_ibuf_I_O)         1.453     1.453 r  A_IBUF[0]_inst/O
                         net (fo=3, routed)           1.361     2.814    A_IBUF[0]
    SLICE_X0Y9           LUT2 (Prop_lut2_I0_O)        0.124     2.938 r  S_OBUF[0]_inst_i_1/O
                         net (fo=1, routed)           1.733     4.671    S_OBUF[0]
    U16                  OBUF (Prop_obuf_I_O)         3.505     8.176 r  S_OBUF[0]_inst/O
                         net (fo=0)                   0.000     8.176    S[0]
    U16                                                               r  S[0] (OUT)
  -------------------------------------------------------------------    -------------------





Min Delay Paths
--------------------------------------------------------------------------------------
Slack:                    inf
  Source:                 B[0]
                            (input port)
  Destination:            S[0]
                            (output port)
  Path Group:             (none)
  Path Type:              Min at Fast Process Corner
  Data Path Delay:        2.242ns  (logic 1.470ns (65.548%)  route 0.773ns (34.452%))
  Logic Levels:           3  (IBUF=1 LUT2=1 OBUF=1)

    Location             Delay type                Incr(ns)  Path(ns)    Netlist Resource(s)
  -------------------------------------------------------------------    -------------------
    W15                                               0.000     0.000 r  B[0] (IN)
                         net (fo=0)                   0.000     0.000    B[0]
    W15                  IBUF (Prop_ibuf_I_O)         0.219     0.219 r  B_IBUF[0]_inst/O
                         net (fo=3, routed)           0.405     0.624    B_IBUF[0]
    SLICE_X0Y9           LUT2 (Prop_lut2_I1_O)        0.045     0.669 r  S_OBUF[0]_inst_i_1/O
                         net (fo=1, routed)           0.367     1.036    S_OBUF[0]
    U16                  OBUF (Prop_obuf_I_O)         1.206     2.242 r  S_OBUF[0]_inst/O
                         net (fo=0)                   0.000     2.242    S[0]
    U16                                                               r  S[0] (OUT)
  -------------------------------------------------------------------    -------------------

Slack:                    inf
  Source:                 A[3]
                            (input port)
  Destination:            Cout
                            (output port)
  Path Group:             (none)
  Path Type:              Min at Fast Process Corner
  Data Path Delay:        2.289ns  (logic 1.471ns (64.286%)  route 0.817ns (35.714%))
  Logic Levels:           3  (IBUF=1 LUT6=1 OBUF=1)

    Location             Delay type                Incr(ns)  Path(ns)    Netlist Resource(s)
  -------------------------------------------------------------------    -------------------
    W17                                               0.000     0.000 r  A[3] (IN)
                         net (fo=0)                   0.000     0.000    A[3]
    W17                  IBUF (Prop_ibuf_I_O)         0.217     0.217 r  A_IBUF[3]_inst/O
                         net (fo=2, routed)           0.403     0.620    A_IBUF[3]
    SLICE_X0Y11          LUT6 (Prop_lut6_I2_O)        0.045     0.665 r  Cout_OBUF_inst_i_1/O
                         net (fo=1, routed)           0.414     1.079    Cout_OBUF
    W18                  OBUF (Prop_obuf_I_O)         1.210     2.289 r  Cout_OBUF_inst/O
                         net (fo=0)                   0.000     2.289    Cout
    W18                                                               r  Cout (OUT)
  -------------------------------------------------------------------    -------------------

Slack:                    inf
  Source:                 A[3]
                            (input port)
  Destination:            S[3]
                            (output port)
  Path Group:             (none)
  Path Type:              Min at Fast Process Corner
  Data Path Delay:        2.437ns  (logic 1.472ns (60.395%)  route 0.965ns (39.605%))
  Logic Levels:           3  (IBUF=1 LUT6=1 OBUF=1)

    Location             Delay type                Incr(ns)  Path(ns)    Netlist Resource(s)
  -------------------------------------------------------------------    -------------------
    W17                                               0.000     0.000 r  A[3] (IN)
                         net (fo=0)                   0.000     0.000    A[3]
    W17                  IBUF (Prop_ibuf_I_O)         0.217     0.217 r  A_IBUF[3]_inst/O
                         net (fo=2, routed)           0.489     0.706    A_IBUF[3]
    SLICE_X0Y11          LUT6 (Prop_lut6_I3_O)        0.045     0.751 r  S_OBUF[3]_inst_i_1/O
                         net (fo=1, routed)           0.476     1.227    S_OBUF[3]
    V19                  OBUF (Prop_obuf_I_O)         1.210     2.437 r  S_OBUF[3]_inst/O
                         net (fo=0)                   0.000     2.437    S[3]
    V19                                                               r  S[3] (OUT)
  -------------------------------------------------------------------    -------------------

Slack:                    inf
  Source:                 B[2]
                            (input port)
  Destination:            S[2]
                            (output port)
  Path Group:             (none)
  Path Type:              Min at Fast Process Corner
  Data Path Delay:        2.462ns  (logic 1.465ns (59.511%)  route 0.997ns (40.489%))
  Logic Levels:           3  (IBUF=1 LUT4=1 OBUF=1)

    Location             Delay type                Incr(ns)  Path(ns)    Netlist Resource(s)
  -------------------------------------------------------------------    -------------------
    W14                                               0.000     0.000 r  B[2] (IN)
                         net (fo=0)                   0.000     0.000    B[2]
    W14                  IBUF (Prop_ibuf_I_O)         0.218     0.218 r  B_IBUF[2]_inst/O
                         net (fo=3, routed)           0.495     0.713    B_IBUF[2]
    SLICE_X0Y11          LUT4 (Prop_lut4_I3_O)        0.045     0.758 r  S_OBUF[2]_inst_i_1/O
                         net (fo=1, routed)           0.501     1.260    S_OBUF[2]
    U19                  OBUF (Prop_obuf_I_O)         1.202     2.462 r  S_OBUF[2]_inst/O
                         net (fo=0)                   0.000     2.462    S[2]
    U19                                                               r  S[2] (OUT)
  -------------------------------------------------------------------    -------------------

Slack:                    inf
  Source:                 A[1]
                            (input port)
  Destination:            S[1]
                            (output port)
  Path Group:             (none)
  Path Type:              Min at Fast Process Corner
  Data Path Delay:        2.835ns  (logic 1.568ns (55.316%)  route 1.267ns (44.684%))
  Logic Levels:           3  (IBUF=1 LUT5=1 OBUF=1)

    Location             Delay type                Incr(ns)  Path(ns)    Netlist Resource(s)
  -------------------------------------------------------------------    -------------------
    V16                                               0.000     0.000 r  A[1] (IN)
                         net (fo=0)                   0.000     0.000    A[1]
    V16                  IBUF (Prop_ibuf_I_O)         0.229     0.229 r  A_IBUF[1]_inst/O
                         net (fo=2, routed)           0.422     0.652    A_IBUF[1]
    SLICE_X0Y11          LUT5 (Prop_lut5_I2_O)        0.046     0.698 r  S_OBUF[1]_inst_i_1/O
                         net (fo=1, routed)           0.844     1.542    S_OBUF[1]
    E19                  OBUF (Prop_obuf_I_O)         1.293     2.835 r  S_OBUF[1]_inst/O
                         net (fo=0)                   0.000     2.835    S[1]
    E19                                                               r  S[1] (OUT)
  -------------------------------------------------------------------    -------------------





