Copyright 1986-2022 Xilinx, Inc. All Rights Reserved. Copyright 2022-2025 Advanced Micro Devices, Inc. All Rights Reserved.
------------------------------------------------------------------------------------------------------------------------------------------------------------------------------------------------------------------------------------------
| Tool Version : Vivado v.2025.2 (win64) Build 6299465 Fri Nov 14 19:35:11 GMT 2025
| Date         : Sun Mar 29 04:04:43 2026
| Host         : LAPTOP-DPIKD9V7 running 64-bit major release  (build 9200)
| Command      : report_timing_summary -max_paths 10 -routable_nets -report_unconstrained -file top_module_timing_summary_routed.rpt -pb top_module_timing_summary_routed.pb -rpx top_module_timing_summary_routed.rpx -warn_on_violation
| Design       : top_module
| Device       : 7a35t-cpg236
| Speed File   : -1  PRODUCTION 1.23 2018-06-13
| Design State : Routed
------------------------------------------------------------------------------------------------------------------------------------------------------------------------------------------------------------------------------------------

Timing Summary Report

------------------------------------------------------------------------------------------------
| Timer Settings
| --------------
------------------------------------------------------------------------------------------------

  Enable Multi Corner Analysis               :  Yes
  Enable Pessimism Removal                   :  Yes
  Pessimism Removal Resolution               :  Nearest Common Node
  Enable Input Delay Default Clock           :  No
  Enable Preset / Clear Arcs                 :  No
  Disable Flight Delays                      :  No
  Ignore I/O Paths                           :  No
  Timing Early Launch at Borrowing Latches   :  No
  Borrow Time for Max Delay Exceptions       :  Yes
  Merge Timing Exceptions                    :  Yes
  Inter-SLR Compensation                     :  Conservative

  Corner  Analyze    Analyze    
  Name    Max Paths  Min Paths  
  ------  ---------  ---------  
  Slow    Yes        Yes        
  Fast    Yes        Yes        


------------------------------------------------------------------------------------------------
| Report Methodology
| ------------------
------------------------------------------------------------------------------------------------

Rule       Severity          Description                  Violations  
---------  ----------------  ---------------------------  ----------  
TIMING-17  Critical Warning  Non-clocked sequential cell  34          

Note: This report is based on the most recent report_methodology run and may not be up-to-date. Run report_methodology on the current design for the latest report.



check_timing report

Table of Contents
-----------------
1. checking no_clock (34)
2. checking constant_clock (0)
3. checking pulse_width_clock (0)
4. checking unconstrained_internal_endpoints (67)
5. checking no_input_delay (13)
6. checking no_output_delay (8)
7. checking multiple_clock (0)
8. checking generated_clocks (0)
9. checking loops (0)
10. checking partial_input_delay (0)
11. checking partial_output_delay (0)
12. checking latch_loops (0)

1. checking no_clock (34)
-------------------------
 There are 26 register/latch pins with no clock driven by root clock pin: clk (HIGH)

 There are 8 register/latch pins with no clock driven by root clock pin: clk_div/clock_out_reg/Q (HIGH)


2. checking constant_clock (0)
------------------------------
 There are 0 register/latch pins with constant_clock.


3. checking pulse_width_clock (0)
---------------------------------
 There are 0 register/latch pins which need pulse_width check


4. checking unconstrained_internal_endpoints (67)
-------------------------------------------------
 There are 67 pins that are not constrained for maximum delay. (HIGH)

 There are 0 pins that are not constrained for maximum delay due to constant clock.


5. checking no_input_delay (13)
-------------------------------
 There are 13 input ports with no input delay specified. (HIGH)

 There are 0 input ports with no input delay but user has a false path constraint.


6. checking no_output_delay (8)
-------------------------------
 There are 8 ports with no output delay specified. (HIGH)

 There are 0 ports with no output delay but user has a false path constraint

 There are 0 ports with no output delay but with a timing clock defined on it or propagating through it


7. checking multiple_clock (0)
------------------------------
 There are 0 register/latch pins with multiple clocks.


8. checking generated_clocks (0)
--------------------------------
 There are 0 generated clocks that are not connected to a clock source.


9. checking loops (0)
---------------------
 There are 0 combinational loops in the design.


10. checking partial_input_delay (0)
------------------------------------
 There are 0 input ports with partial input delay specified.


11. checking partial_output_delay (0)
-------------------------------------
 There are 0 ports with partial output delay specified.


12. checking latch_loops (0)
----------------------------
 There are 0 combinational latch loops in the design through latch input



------------------------------------------------------------------------------------------------
| Design Timing Summary
| ---------------------
------------------------------------------------------------------------------------------------

    WNS(ns)      TNS(ns)  TNS Failing Endpoints  TNS Total Endpoints      WHS(ns)      THS(ns)  THS Failing Endpoints  THS Total Endpoints     WPWS(ns)     TPWS(ns)  TPWS Failing Endpoints  TPWS Total Endpoints  
    -------      -------  ---------------------  -------------------      -------      -------  ---------------------  -------------------     --------     --------  ----------------------  --------------------  
        inf        0.000                      0                   75          inf        0.000                      0                   75           NA           NA                      NA                    NA  


There are no user specified timing constraints.


------------------------------------------------------------------------------------------------
| Clock Summary
| -------------
------------------------------------------------------------------------------------------------


------------------------------------------------------------------------------------------------
| Intra Clock Table
| -----------------
------------------------------------------------------------------------------------------------

Clock             WNS(ns)      TNS(ns)  TNS Failing Endpoints  TNS Total Endpoints      WHS(ns)      THS(ns)  THS Failing Endpoints  THS Total Endpoints     WPWS(ns)     TPWS(ns)  TPWS Failing Endpoints  TPWS Total Endpoints  
-----             -------      -------  ---------------------  -------------------      -------      -------  ---------------------  -------------------     --------     --------  ----------------------  --------------------  


------------------------------------------------------------------------------------------------
| Inter Clock Table
| -----------------
------------------------------------------------------------------------------------------------

From Clock    To Clock          WNS(ns)      TNS(ns)  TNS Failing Endpoints  TNS Total Endpoints      WHS(ns)      THS(ns)  THS Failing Endpoints  THS Total Endpoints  
----------    --------          -------      -------  ---------------------  -------------------      -------      -------  ---------------------  -------------------  


------------------------------------------------------------------------------------------------
| Other Path Groups Table
| -----------------------
------------------------------------------------------------------------------------------------

Path Group    From Clock    To Clock          WNS(ns)      TNS(ns)  TNS Failing Endpoints  TNS Total Endpoints      WHS(ns)      THS(ns)  THS Failing Endpoints  THS Total Endpoints  
----------    ----------    --------          -------      -------  ---------------------  -------------------      -------      -------  ---------------------  -------------------  


------------------------------------------------------------------------------------------------
| User Ignored Path Table
| -----------------------
------------------------------------------------------------------------------------------------

Path Group    From Clock    To Clock    
----------    ----------    --------    


------------------------------------------------------------------------------------------------
| Unconstrained Path Table
| ------------------------
------------------------------------------------------------------------------------------------

Path Group    From Clock    To Clock    
----------    ----------    --------    
(none)                                    


------------------------------------------------------------------------------------------------
| Timing Details
| --------------
------------------------------------------------------------------------------------------------


--------------------------------------------------------------------------------------
Path Group:  (none)
From Clock:  
  To Clock:  

Max Delay            75 Endpoints
Min Delay            75 Endpoints
--------------------------------------------------------------------------------------


Max Delay Paths
--------------------------------------------------------------------------------------
Slack:                    inf
  Source:                 mfr/d1/out_reg/C
                            (rising edge-triggered cell FDRE)
  Destination:            outpt[1]
                            (output port)
  Path Group:             (none)
  Path Type:              Max at Slow Process Corner
  Data Path Delay:        6.860ns  (logic 3.986ns (58.097%)  route 2.875ns (41.903%))
  Logic Levels:           2  (FDRE=1 OBUF=1)

    Location             Delay type                Incr(ns)  Path(ns)    Netlist Resource(s)
  -------------------------------------------------------------------    -------------------
    SLICE_X0Y11          FDRE                         0.000     0.000 r  mfr/d1/out_reg/C
    SLICE_X0Y11          FDRE (Prop_fdre_C_Q)         0.456     0.456 r  mfr/d1/out_reg/Q
                         net (fo=8, routed)           2.875     3.331    outpt_OBUF[1]
    E19                  OBUF (Prop_obuf_I_O)         3.530     6.860 r  outpt_OBUF[1]_inst/O
                         net (fo=0)                   0.000     6.860    outpt[1]
    E19                                                               r  outpt[1] (OUT)
  -------------------------------------------------------------------    -------------------

Slack:                    inf
  Source:                 select[0]
                            (input port)
  Destination:            mfr/d7/out_reg/D
  Path Group:             (none)
  Path Type:              Max at Slow Process Corner
  Data Path Delay:        6.784ns  (logic 1.790ns (26.392%)  route 4.994ns (73.608%))
  Logic Levels:           3  (IBUF=1 LUT6=1 MUXF7=1)

    Location             Delay type                Incr(ns)  Path(ns)    Netlist Resource(s)
  -------------------------------------------------------------------    -------------------
    V2                                                0.000     0.000 r  select[0] (IN)
                         net (fo=0)                   0.000     0.000    select[0]
    V2                   IBUF (Prop_ibuf_I_O)         1.454     1.454 r  select_IBUF[0]_inst/O
                         net (fo=16, routed)          4.994     6.448    mfr/d6/select_IBUF[0]
    SLICE_X1Y9           LUT6 (Prop_lut6_I4_O)        0.124     6.572 r  mfr/d6/out_i_2__1/O
                         net (fo=1, routed)           0.000     6.572    mfr/d6/out_i_2__1_n_0
    SLICE_X1Y9           MUXF7 (Prop_muxf7_I0_O)      0.212     6.784 r  mfr/d6/out_reg_i_1__3/O
                         net (fo=1, routed)           0.000     6.784    mfr/d7/out_0
    SLICE_X1Y9           FDRE                                         r  mfr/d7/out_reg/D
  -------------------------------------------------------------------    -------------------

Slack:                    inf
  Source:                 select[0]
                            (input port)
  Destination:            mfr/d3/out_reg/D
  Path Group:             (none)
  Path Type:              Max at Slow Process Corner
  Data Path Delay:        6.629ns  (logic 1.823ns (27.509%)  route 4.805ns (72.491%))
  Logic Levels:           3  (IBUF=1 LUT5=1 MUXF7=1)

    Location             Delay type                Incr(ns)  Path(ns)    Netlist Resource(s)
  -------------------------------------------------------------------    -------------------
    V2                                                0.000     0.000 r  select[0] (IN)
                         net (fo=0)                   0.000     0.000    select[0]
    V2                   IBUF (Prop_ibuf_I_O)         1.454     1.454 r  select_IBUF[0]_inst/O
                         net (fo=16, routed)          4.805     6.260    mfr/d7/select_IBUF[0]
    SLICE_X1Y9           LUT5 (Prop_lut5_I3_O)        0.124     6.384 r  mfr/d7/out_i_3__4/O
                         net (fo=1, routed)           0.000     6.384    mfr/d4/out_reg_2
    SLICE_X1Y9           MUXF7 (Prop_muxf7_I1_O)      0.245     6.629 r  mfr/d4/out_reg_i_1__5/O
                         net (fo=1, routed)           0.000     6.629    mfr/d3/out_0
    SLICE_X1Y9           FDRE                                         r  mfr/d3/out_reg/D
  -------------------------------------------------------------------    -------------------

Slack:                    inf
  Source:                 select[1]
                            (input port)
  Destination:            mfr/d5/out_reg/D
  Path Group:             (none)
  Path Type:              Max at Slow Process Corner
  Data Path Delay:        6.593ns  (logic 1.793ns (27.197%)  route 4.800ns (72.803%))
  Logic Levels:           3  (IBUF=1 LUT6=1 MUXF7=1)

    Location             Delay type                Incr(ns)  Path(ns)    Netlist Resource(s)
  -------------------------------------------------------------------    -------------------
    T3                                                0.000     0.000 r  select[1] (IN)
                         net (fo=0)                   0.000     0.000    select[1]
    T3                   IBUF (Prop_ibuf_I_O)         1.452     1.452 r  select_IBUF[1]_inst/O
                         net (fo=16, routed)          4.800     6.252    mfr/d1/select_IBUF[1]
    SLICE_X0Y10          LUT6 (Prop_lut6_I2_O)        0.124     6.376 r  mfr/d1/out_i_3__0/O
                         net (fo=1, routed)           0.000     6.376    mfr/d6/out_reg_2
    SLICE_X0Y10          MUXF7 (Prop_muxf7_I1_O)      0.217     6.593 r  mfr/d6/out_reg_i_1__2/O
                         net (fo=1, routed)           0.000     6.593    mfr/d5/out_0
    SLICE_X0Y10          FDRE                                         r  mfr/d5/out_reg/D
  -------------------------------------------------------------------    -------------------

Slack:                    inf
  Source:                 select[1]
                            (input port)
  Destination:            mfr/d4/out_reg/D
  Path Group:             (none)
  Path Type:              Max at Slow Process Corner
  Data Path Delay:        6.566ns  (logic 1.793ns (27.311%)  route 4.773ns (72.689%))
  Logic Levels:           3  (IBUF=1 LUT5=1 MUXF7=1)

    Location             Delay type                Incr(ns)  Path(ns)    Netlist Resource(s)
  -------------------------------------------------------------------    -------------------
    T3                                                0.000     0.000 r  select[1] (IN)
                         net (fo=0)                   0.000     0.000    select[1]
    T3                   IBUF (Prop_ibuf_I_O)         1.452     1.452 r  select_IBUF[1]_inst/O
                         net (fo=16, routed)          4.773     6.225    mfr/d0/select_IBUF[1]
    SLICE_X0Y9           LUT5 (Prop_lut5_I1_O)        0.124     6.349 r  mfr/d0/out_i_3__3/O
                         net (fo=1, routed)           0.000     6.349    mfr/d5/out_reg_5
    SLICE_X0Y9           MUXF7 (Prop_muxf7_I1_O)      0.217     6.566 r  mfr/d5/out_reg_i_1__4/O
                         net (fo=1, routed)           0.000     6.566    mfr/d4/out_0
    SLICE_X0Y9           FDRE                                         r  mfr/d4/out_reg/D
  -------------------------------------------------------------------    -------------------

Slack:                    inf
  Source:                 select[0]
                            (input port)
  Destination:            mfr/d6/out_reg/D
  Path Group:             (none)
  Path Type:              Max at Slow Process Corner
  Data Path Delay:        6.410ns  (logic 1.823ns (28.447%)  route 4.587ns (71.553%))
  Logic Levels:           3  (IBUF=1 LUT6=1 MUXF7=1)

    Location             Delay type                Incr(ns)  Path(ns)    Netlist Resource(s)
  -------------------------------------------------------------------    -------------------
    V2                                                0.000     0.000 r  select[0] (IN)
                         net (fo=0)                   0.000     0.000    select[0]
    V2                   IBUF (Prop_ibuf_I_O)         1.454     1.454 r  select_IBUF[0]_inst/O
                         net (fo=16, routed)          4.587     6.041    mfr/d2/select_IBUF[0]
    SLICE_X0Y9           LUT6 (Prop_lut6_I4_O)        0.124     6.165 r  mfr/d2/out_i_3__2/O
                         net (fo=1, routed)           0.000     6.165    mfr/d7/out_reg_2
    SLICE_X0Y9           MUXF7 (Prop_muxf7_I1_O)      0.245     6.410 r  mfr/d7/out_reg_i_1__0/O
                         net (fo=1, routed)           0.000     6.410    mfr/d6/out_1
    SLICE_X0Y9           FDRE                                         r  mfr/d6/out_reg/D
  -------------------------------------------------------------------    -------------------

Slack:                    inf
  Source:                 select[0]
                            (input port)
  Destination:            mfr/d2/out_reg/D
  Path Group:             (none)
  Path Type:              Max at Slow Process Corner
  Data Path Delay:        6.396ns  (logic 1.823ns (28.511%)  route 4.572ns (71.489%))
  Logic Levels:           3  (IBUF=1 LUT6=1 MUXF7=1)

    Location             Delay type                Incr(ns)  Path(ns)    Netlist Resource(s)
  -------------------------------------------------------------------    -------------------
    V2                                                0.000     0.000 r  select[0] (IN)
                         net (fo=0)                   0.000     0.000    select[0]
    V2                   IBUF (Prop_ibuf_I_O)         1.454     1.454 r  select_IBUF[0]_inst/O
                         net (fo=16, routed)          4.572     6.027    mfr/d6/select_IBUF[0]
    SLICE_X0Y10          LUT6 (Prop_lut6_I4_O)        0.124     6.151 r  mfr/d6/out_i_3__5/O
                         net (fo=1, routed)           0.000     6.151    mfr/d3/out_reg_2
    SLICE_X0Y10          MUXF7 (Prop_muxf7_I1_O)      0.245     6.396 r  mfr/d3/out_reg_i_1__1/O
                         net (fo=1, routed)           0.000     6.396    mfr/d2/out_0
    SLICE_X0Y10          FDRE                                         r  mfr/d2/out_reg/D
  -------------------------------------------------------------------    -------------------

Slack:                    inf
  Source:                 select[0]
                            (input port)
  Destination:            mfr/d0/out_reg/D
  Path Group:             (none)
  Path Type:              Max at Slow Process Corner
  Data Path Delay:        6.177ns  (logic 1.795ns (29.067%)  route 4.382ns (70.933%))
  Logic Levels:           3  (IBUF=1 LUT5=1 MUXF7=1)

    Location             Delay type                Incr(ns)  Path(ns)    Netlist Resource(s)
  -------------------------------------------------------------------    -------------------
    V2                                                0.000     0.000 r  select[0] (IN)
                         net (fo=0)                   0.000     0.000    select[0]
    V2                   IBUF (Prop_ibuf_I_O)         1.454     1.454 r  select_IBUF[0]_inst/O
                         net (fo=16, routed)          4.382     5.836    mfr/d4/select_IBUF[0]
    SLICE_X0Y11          LUT5 (Prop_lut5_I3_O)        0.124     5.960 r  mfr/d4/out_i_3__6/O
                         net (fo=1, routed)           0.000     5.960    mfr/d1/out_reg_5
    SLICE_X0Y11          MUXF7 (Prop_muxf7_I1_O)      0.217     6.177 r  mfr/d1/out_reg_i_1__6/O
                         net (fo=1, routed)           0.000     6.177    mfr/d0/out
    SLICE_X0Y11          FDRE                                         r  mfr/d0/out_reg/D
  -------------------------------------------------------------------    -------------------

Slack:                    inf
  Source:                 mfr/d4/out_reg/C
                            (rising edge-triggered cell FDRE)
  Destination:            outpt[4]
                            (output port)
  Path Group:             (none)
  Path Type:              Max at Slow Process Corner
  Data Path Delay:        6.177ns  (logic 3.965ns (64.185%)  route 2.212ns (35.815%))
  Logic Levels:           2  (FDRE=1 OBUF=1)

    Location             Delay type                Incr(ns)  Path(ns)    Netlist Resource(s)
  -------------------------------------------------------------------    -------------------
    SLICE_X0Y9           FDRE                         0.000     0.000 r  mfr/d4/out_reg/C
    SLICE_X0Y9           FDRE (Prop_fdre_C_Q)         0.456     0.456 r  mfr/d4/out_reg/Q
                         net (fo=7, routed)           2.212     2.668    outpt_OBUF[4]
    W18                  OBUF (Prop_obuf_I_O)         3.509     6.177 r  outpt_OBUF[4]_inst/O
                         net (fo=0)                   0.000     6.177    outpt[4]
    W18                                                               r  outpt[4] (OUT)
  -------------------------------------------------------------------    -------------------

Slack:                    inf
  Source:                 select[2]
                            (input port)
  Destination:            mfr/d1/out_reg/D
  Path Group:             (none)
  Path Type:              Max at Slow Process Corner
  Data Path Delay:        6.159ns  (logic 1.754ns (28.476%)  route 4.405ns (71.524%))
  Logic Levels:           2  (IBUF=1 MUXF7=1)

    Location             Delay type                Incr(ns)  Path(ns)    Netlist Resource(s)
  -------------------------------------------------------------------    -------------------
    T2                                                0.000     0.000 r  select[2] (IN)
                         net (fo=0)                   0.000     0.000    select[2]
    T2                   IBUF (Prop_ibuf_I_O)         1.458     1.458 r  select_IBUF[2]_inst/O
                         net (fo=8, routed)           4.405     5.863    mfr/d2/select_IBUF[2]
    SLICE_X0Y11          MUXF7 (Prop_muxf7_S_O)       0.296     6.159 r  mfr/d2/out_reg_i_1/O
                         net (fo=1, routed)           0.000     6.159    mfr/d1/out_0
    SLICE_X0Y11          FDRE                                         r  mfr/d1/out_reg/D
  -------------------------------------------------------------------    -------------------





Min Delay Paths
--------------------------------------------------------------------------------------
Slack:                    inf
  Source:                 mfr/d3/out_reg/C
                            (rising edge-triggered cell FDRE)
  Destination:            mfr/d4/out_reg/D
  Path Group:             (none)
  Path Type:              Min at Fast Process Corner
  Data Path Delay:        0.347ns  (logic 0.251ns (72.345%)  route 0.096ns (27.655%))
  Logic Levels:           3  (FDRE=1 LUT5=1 MUXF7=1)

    Location             Delay type                Incr(ns)  Path(ns)    Netlist Resource(s)
  -------------------------------------------------------------------    -------------------
    SLICE_X1Y9           FDRE                         0.000     0.000 r  mfr/d3/out_reg/C
    SLICE_X1Y9           FDRE (Prop_fdre_C_Q)         0.141     0.141 r  mfr/d3/out_reg/Q
                         net (fo=7, routed)           0.096     0.237    mfr/d0/out_reg_3
    SLICE_X0Y9           LUT5 (Prop_lut5_I4_O)        0.045     0.282 r  mfr/d0/out_i_3__3/O
                         net (fo=1, routed)           0.000     0.282    mfr/d5/out_reg_5
    SLICE_X0Y9           MUXF7 (Prop_muxf7_I1_O)      0.065     0.347 r  mfr/d5/out_reg_i_1__4/O
                         net (fo=1, routed)           0.000     0.347    mfr/d4/out_0
    SLICE_X0Y9           FDRE                                         r  mfr/d4/out_reg/D
  -------------------------------------------------------------------    -------------------

Slack:                    inf
  Source:                 mfr/d6/out_reg/C
                            (rising edge-triggered cell FDRE)
  Destination:            mfr/d7/out_reg/D
  Path Group:             (none)
  Path Type:              Min at Fast Process Corner
  Data Path Delay:        0.362ns  (logic 0.248ns (68.586%)  route 0.114ns (31.414%))
  Logic Levels:           3  (FDRE=1 LUT6=1 MUXF7=1)

    Location             Delay type                Incr(ns)  Path(ns)    Netlist Resource(s)
  -------------------------------------------------------------------    -------------------
    SLICE_X0Y9           FDRE                         0.000     0.000 r  mfr/d6/out_reg/C
    SLICE_X0Y9           FDRE (Prop_fdre_C_Q)         0.141     0.141 r  mfr/d6/out_reg/Q
                         net (fo=8, routed)           0.114     0.255    mfr/d6/out_reg_0
    SLICE_X1Y9           LUT6 (Prop_lut6_I3_O)        0.045     0.300 r  mfr/d6/out_i_2__1/O
                         net (fo=1, routed)           0.000     0.300    mfr/d6/out_i_2__1_n_0
    SLICE_X1Y9           MUXF7 (Prop_muxf7_I0_O)      0.062     0.362 r  mfr/d6/out_reg_i_1__3/O
                         net (fo=1, routed)           0.000     0.362    mfr/d7/out_0
    SLICE_X1Y9           FDRE                                         r  mfr/d7/out_reg/D
  -------------------------------------------------------------------    -------------------

Slack:                    inf
  Source:                 clk_div/count_reg[15]/C
                            (rising edge-triggered cell FDRE)
  Destination:            clk_div/count_reg[15]/D
  Path Group:             (none)
  Path Type:              Min at Fast Process Corner
  Data Path Delay:        0.366ns  (logic 0.249ns (67.994%)  route 0.117ns (32.006%))
  Logic Levels:           2  (CARRY4=1 FDRE=1)

    Location             Delay type                Incr(ns)  Path(ns)    Netlist Resource(s)
  -------------------------------------------------------------------    -------------------
    SLICE_X3Y13          FDRE                         0.000     0.000 r  clk_div/count_reg[15]/C
    SLICE_X3Y13          FDRE (Prop_fdre_C_Q)         0.141     0.141 r  clk_div/count_reg[15]/Q
                         net (fo=2, routed)           0.117     0.258    clk_div/count_reg[15]
    SLICE_X3Y13          CARRY4 (Prop_carry4_S[3]_O[3])
                                                      0.108     0.366 r  clk_div/count_reg[12]_i_1/O[3]
                         net (fo=1, routed)           0.000     0.366    clk_div/count_reg[12]_i_1_n_4
    SLICE_X3Y13          FDRE                                         r  clk_div/count_reg[15]/D
  -------------------------------------------------------------------    -------------------

Slack:                    inf
  Source:                 clk_div/count_reg[19]/C
                            (rising edge-triggered cell FDRE)
  Destination:            clk_div/count_reg[19]/D
  Path Group:             (none)
  Path Type:              Min at Fast Process Corner
  Data Path Delay:        0.366ns  (logic 0.249ns (67.994%)  route 0.117ns (32.006%))
  Logic Levels:           2  (CARRY4=1 FDRE=1)

    Location             Delay type                Incr(ns)  Path(ns)    Netlist Resource(s)
  -------------------------------------------------------------------    -------------------
    SLICE_X3Y14          FDRE                         0.000     0.000 r  clk_div/count_reg[19]/C
    SLICE_X3Y14          FDRE (Prop_fdre_C_Q)         0.141     0.141 r  clk_div/count_reg[19]/Q
                         net (fo=2, routed)           0.117     0.258    clk_div/count_reg[19]
    SLICE_X3Y14          CARRY4 (Prop_carry4_S[3]_O[3])
                                                      0.108     0.366 r  clk_div/count_reg[16]_i_1/O[3]
                         net (fo=1, routed)           0.000     0.366    clk_div/count_reg[16]_i_1_n_4
    SLICE_X3Y14          FDRE                                         r  clk_div/count_reg[19]/D
  -------------------------------------------------------------------    -------------------

Slack:                    inf
  Source:                 clk_div/clock_out_reg/C
                            (rising edge-triggered cell FDRE)
  Destination:            clk_div/clock_out_reg/D
  Path Group:             (none)
  Path Type:              Min at Fast Process Corner
  Data Path Delay:        0.367ns  (logic 0.186ns (50.750%)  route 0.181ns (49.250%))
  Logic Levels:           2  (FDRE=1 LUT2=1)

    Location             Delay type                Incr(ns)  Path(ns)    Netlist Resource(s)
  -------------------------------------------------------------------    -------------------
    SLICE_X1Y10          FDRE                         0.000     0.000 r  clk_div/clock_out_reg/C
    SLICE_X1Y10          FDRE (Prop_fdre_C_Q)         0.141     0.141 r  clk_div/clock_out_reg/Q
                         net (fo=9, routed)           0.181     0.322    clk_div/clock
    SLICE_X1Y10          LUT2 (Prop_lut2_I1_O)        0.045     0.367 r  clk_div/clock_out_i_1/O
                         net (fo=1, routed)           0.000     0.367    clk_div/clock_out_i_1_n_0
    SLICE_X1Y10          FDRE                                         r  clk_div/clock_out_reg/D
  -------------------------------------------------------------------    -------------------

Slack:                    inf
  Source:                 clk_div/count_reg[11]/C
                            (rising edge-triggered cell FDRE)
  Destination:            clk_div/count_reg[11]/D
  Path Group:             (none)
  Path Type:              Min at Fast Process Corner
  Data Path Delay:        0.368ns  (logic 0.249ns (67.612%)  route 0.119ns (32.388%))
  Logic Levels:           2  (CARRY4=1 FDRE=1)

    Location             Delay type                Incr(ns)  Path(ns)    Netlist Resource(s)
  -------------------------------------------------------------------    -------------------
    SLICE_X3Y12          FDRE                         0.000     0.000 r  clk_div/count_reg[11]/C
    SLICE_X3Y12          FDRE (Prop_fdre_C_Q)         0.141     0.141 r  clk_div/count_reg[11]/Q
                         net (fo=2, routed)           0.119     0.260    clk_div/count_reg[11]
    SLICE_X3Y12          CARRY4 (Prop_carry4_S[3]_O[3])
                                                      0.108     0.368 r  clk_div/count_reg[8]_i_1/O[3]
                         net (fo=1, routed)           0.000     0.368    clk_div/count_reg[8]_i_1_n_4
    SLICE_X3Y12          FDRE                                         r  clk_div/count_reg[11]/D
  -------------------------------------------------------------------    -------------------

Slack:                    inf
  Source:                 clk_div/count_reg[23]/C
                            (rising edge-triggered cell FDRE)
  Destination:            clk_div/count_reg[23]/D
  Path Group:             (none)
  Path Type:              Min at Fast Process Corner
  Data Path Delay:        0.369ns  (logic 0.249ns (67.424%)  route 0.120ns (32.576%))
  Logic Levels:           2  (CARRY4=1 FDRE=1)

    Location             Delay type                Incr(ns)  Path(ns)    Netlist Resource(s)
  -------------------------------------------------------------------    -------------------
    SLICE_X3Y15          FDRE                         0.000     0.000 r  clk_div/count_reg[23]/C
    SLICE_X3Y15          FDRE (Prop_fdre_C_Q)         0.141     0.141 r  clk_div/count_reg[23]/Q
                         net (fo=2, routed)           0.120     0.261    clk_div/count_reg[23]
    SLICE_X3Y15          CARRY4 (Prop_carry4_S[3]_O[3])
                                                      0.108     0.369 r  clk_div/count_reg[20]_i_1/O[3]
                         net (fo=1, routed)           0.000     0.369    clk_div/count_reg[20]_i_1_n_4
    SLICE_X3Y15          FDRE                                         r  clk_div/count_reg[23]/D
  -------------------------------------------------------------------    -------------------

Slack:                    inf
  Source:                 clk_div/count_reg[7]/C
                            (rising edge-triggered cell FDRE)
  Destination:            clk_div/count_reg[7]/D
  Path Group:             (none)
  Path Type:              Min at Fast Process Corner
  Data Path Delay:        0.369ns  (logic 0.249ns (67.424%)  route 0.120ns (32.576%))
  Logic Levels:           2  (CARRY4=1 FDRE=1)

    Location             Delay type                Incr(ns)  Path(ns)    Netlist Resource(s)
  -------------------------------------------------------------------    -------------------
    SLICE_X3Y11          FDRE                         0.000     0.000 r  clk_div/count_reg[7]/C
    SLICE_X3Y11          FDRE (Prop_fdre_C_Q)         0.141     0.141 r  clk_div/count_reg[7]/Q
                         net (fo=2, routed)           0.120     0.261    clk_div/count_reg[7]
    SLICE_X3Y11          CARRY4 (Prop_carry4_S[3]_O[3])
                                                      0.108     0.369 r  clk_div/count_reg[4]_i_1/O[3]
                         net (fo=1, routed)           0.000     0.369    clk_div/count_reg[4]_i_1_n_4
    SLICE_X3Y11          FDRE                                         r  clk_div/count_reg[7]/D
  -------------------------------------------------------------------    -------------------

Slack:                    inf
  Source:                 clk_div/count_reg[3]/C
                            (rising edge-triggered cell FDRE)
  Destination:            clk_div/count_reg[3]/D
  Path Group:             (none)
  Path Type:              Min at Fast Process Corner
  Data Path Delay:        0.369ns  (logic 0.249ns (67.412%)  route 0.120ns (32.588%))
  Logic Levels:           2  (CARRY4=1 FDRE=1)

    Location             Delay type                Incr(ns)  Path(ns)    Netlist Resource(s)
  -------------------------------------------------------------------    -------------------
    SLICE_X3Y10          FDRE                         0.000     0.000 r  clk_div/count_reg[3]/C
    SLICE_X3Y10          FDRE (Prop_fdre_C_Q)         0.141     0.141 r  clk_div/count_reg[3]/Q
                         net (fo=2, routed)           0.120     0.261    clk_div/count_reg[3]
    SLICE_X3Y10          CARRY4 (Prop_carry4_S[3]_O[3])
                                                      0.108     0.369 r  clk_div/count_reg[0]_i_2/O[3]
                         net (fo=1, routed)           0.000     0.369    clk_div/count_reg[0]_i_2_n_4
    SLICE_X3Y10          FDRE                                         r  clk_div/count_reg[3]/D
  -------------------------------------------------------------------    -------------------

Slack:                    inf
  Source:                 clk_div/count_reg[12]/C
                            (rising edge-triggered cell FDRE)
  Destination:            clk_div/count_reg[12]/D
  Path Group:             (none)
  Path Type:              Min at Fast Process Corner
  Data Path Delay:        0.370ns  (logic 0.256ns (69.150%)  route 0.114ns (30.850%))
  Logic Levels:           2  (CARRY4=1 FDRE=1)

    Location             Delay type                Incr(ns)  Path(ns)    Netlist Resource(s)
  -------------------------------------------------------------------    -------------------
    SLICE_X3Y13          FDRE                         0.000     0.000 r  clk_div/count_reg[12]/C
    SLICE_X3Y13          FDRE (Prop_fdre_C_Q)         0.141     0.141 r  clk_div/count_reg[12]/Q
                         net (fo=2, routed)           0.114     0.255    clk_div/count_reg[12]
    SLICE_X3Y13          CARRY4 (Prop_carry4_S[0]_O[0])
                                                      0.115     0.370 r  clk_div/count_reg[12]_i_1/O[0]
                         net (fo=1, routed)           0.000     0.370    clk_div/count_reg[12]_i_1_n_7
    SLICE_X3Y13          FDRE                                         r  clk_div/count_reg[12]/D
  -------------------------------------------------------------------    -------------------





