Copyright 1986-2022 Xilinx, Inc. All Rights Reserved. Copyright 2022-2025 Advanced Micro Devices, Inc. All Rights Reserved.
---------------------------------------------------------------------------------------------------------------------------------------------------------------------------------------------------------------------------------------------------------------------------
| Tool Version : Vivado v.2025.2 (win64) Build 6299465 Fri Nov 14 19:35:11 GMT 2025
| Date         : Thu Feb 26 17:18:30 2026
| Host         : LAPTOP-DPIKD9V7 running 64-bit major release  (build 9200)
| Command      : report_timing_summary -max_paths 10 -routable_nets -report_unconstrained -file adder_subtractor_4bit_timing_summary_routed.rpt -pb adder_subtractor_4bit_timing_summary_routed.pb -rpx adder_subtractor_4bit_timing_summary_routed.rpx -warn_on_violation
| Design       : adder_subtractor_4bit
| Device       : 7a35t-cpg236
| Speed File   : -1  PRODUCTION 1.23 2018-06-13
| Design State : Routed
---------------------------------------------------------------------------------------------------------------------------------------------------------------------------------------------------------------------------------------------------------------------------

Timing Summary Report

------------------------------------------------------------------------------------------------
| Timer Settings
| --------------
------------------------------------------------------------------------------------------------

  Enable Multi Corner Analysis               :  Yes
  Enable Pessimism Removal                   :  Yes
  Pessimism Removal Resolution               :  Nearest Common Node
  Enable Input Delay Default Clock           :  No
  Enable Preset / Clear Arcs                 :  No
  Disable Flight Delays                      :  No
  Ignore I/O Paths                           :  No
  Timing Early Launch at Borrowing Latches   :  No
  Borrow Time for Max Delay Exceptions       :  Yes
  Merge Timing Exceptions                    :  Yes
  Inter-SLR Compensation                     :  Conservative

  Corner  Analyze    Analyze    
  Name    Max Paths  Min Paths  
  ------  ---------  ---------  
  Slow    Yes        Yes        
  Fast    Yes        Yes        


------------------------------------------------------------------------------------------------
| Report Methodology
| ------------------
------------------------------------------------------------------------------------------------

No report available as report_methodology has not been run prior. Run report_methodology on the current design for the summary of methodology violations.



check_timing report

Table of Contents
-----------------
1. checking no_clock (0)
2. checking constant_clock (0)
3. checking pulse_width_clock (0)
4. checking unconstrained_internal_endpoints (0)
5. checking no_input_delay (0)
6. checking no_output_delay (0)
7. checking multiple_clock (0)
8. checking generated_clocks (0)
9. checking loops (0)
10. checking partial_input_delay (0)
11. checking partial_output_delay (0)
12. checking latch_loops (0)

1. checking no_clock (0)
------------------------
 There are 0 register/latch pins with no clock.


2. checking constant_clock (0)
------------------------------
 There are 0 register/latch pins with constant_clock.


3. checking pulse_width_clock (0)
---------------------------------
 There are 0 register/latch pins which need pulse_width check


4. checking unconstrained_internal_endpoints (0)
------------------------------------------------
 There are 0 pins that are not constrained for maximum delay.

 There are 0 pins that are not constrained for maximum delay due to constant clock.


5. checking no_input_delay (0)
------------------------------
 There are 0 input ports with no input delay specified.

 There are 0 input ports with no input delay but user has a false path constraint.


6. checking no_output_delay (0)
-------------------------------
 There are 0 ports with no output delay specified.

 There are 0 ports with no output delay but user has a false path constraint

 There are 0 ports with no output delay but with a timing clock defined on it or propagating through it


7. checking multiple_clock (0)
------------------------------
 There are 0 register/latch pins with multiple clocks.


8. checking generated_clocks (0)
--------------------------------
 There are 0 generated clocks that are not connected to a clock source.


9. checking loops (0)
---------------------
 There are 0 combinational loops in the design.


10. checking partial_input_delay (0)
------------------------------------
 There are 0 input ports with partial input delay specified.


11. checking partial_output_delay (0)
-------------------------------------
 There are 0 ports with partial output delay specified.


12. checking latch_loops (0)
----------------------------
 There are 0 combinational latch loops in the design through latch input



------------------------------------------------------------------------------------------------
| Design Timing Summary
| ---------------------
------------------------------------------------------------------------------------------------

    WNS(ns)      TNS(ns)  TNS Failing Endpoints  TNS Total Endpoints      WHS(ns)      THS(ns)  THS Failing Endpoints  THS Total Endpoints     WPWS(ns)     TPWS(ns)  TPWS Failing Endpoints  TPWS Total Endpoints  
    -------      -------  ---------------------  -------------------      -------      -------  ---------------------  -------------------     --------     --------  ----------------------  --------------------  
        inf        0.000                      0                    5          inf        0.000                      0                    5           NA           NA                      NA                    NA  


There are no user specified timing constraints.


------------------------------------------------------------------------------------------------
| Clock Summary
| -------------
------------------------------------------------------------------------------------------------


------------------------------------------------------------------------------------------------
| Intra Clock Table
| -----------------
------------------------------------------------------------------------------------------------

Clock             WNS(ns)      TNS(ns)  TNS Failing Endpoints  TNS Total Endpoints      WHS(ns)      THS(ns)  THS Failing Endpoints  THS Total Endpoints     WPWS(ns)     TPWS(ns)  TPWS Failing Endpoints  TPWS Total Endpoints  
-----             -------      -------  ---------------------  -------------------      -------      -------  ---------------------  -------------------     --------     --------  ----------------------  --------------------  


------------------------------------------------------------------------------------------------
| Inter Clock Table
| -----------------
------------------------------------------------------------------------------------------------

From Clock    To Clock          WNS(ns)      TNS(ns)  TNS Failing Endpoints  TNS Total Endpoints      WHS(ns)      THS(ns)  THS Failing Endpoints  THS Total Endpoints  
----------    --------          -------      -------  ---------------------  -------------------      -------      -------  ---------------------  -------------------  


------------------------------------------------------------------------------------------------
| Other Path Groups Table
| -----------------------
------------------------------------------------------------------------------------------------

Path Group    From Clock    To Clock          WNS(ns)      TNS(ns)  TNS Failing Endpoints  TNS Total Endpoints      WHS(ns)      THS(ns)  THS Failing Endpoints  THS Total Endpoints  
----------    ----------    --------          -------      -------  ---------------------  -------------------      -------      -------  ---------------------  -------------------  


------------------------------------------------------------------------------------------------
| User Ignored Path Table
| -----------------------
------------------------------------------------------------------------------------------------

Path Group    From Clock    To Clock    
----------    ----------    --------    


------------------------------------------------------------------------------------------------
| Unconstrained Path Table
| ------------------------
------------------------------------------------------------------------------------------------

Path Group    From Clock    To Clock    
----------    ----------    --------    
(none)                                    


------------------------------------------------------------------------------------------------
| Timing Details
| --------------
------------------------------------------------------------------------------------------------


--------------------------------------------------------------------------------------
Path Group:  (none)
From Clock:  
  To Clock:  

Max Delay             5 Endpoints
Min Delay             5 Endpoints
--------------------------------------------------------------------------------------


Max Delay Paths
--------------------------------------------------------------------------------------
Slack:                    inf
  Source:                 C
                            (input port)
  Destination:            S1
                            (output port)
  Path Group:             (none)
  Path Type:              Max at Slow Process Corner
  Data Path Delay:        12.447ns  (logic 5.340ns (42.902%)  route 7.107ns (57.098%))
  Logic Levels:           3  (IBUF=1 LUT5=1 OBUF=1)

    Location             Delay type                Incr(ns)  Path(ns)    Netlist Resource(s)
  -------------------------------------------------------------------    -------------------
    R2                                                0.000     0.000 r  C (IN)
                         net (fo=0)                   0.000     0.000    C
    R2                   IBUF (Prop_ibuf_I_O)         1.456     1.456 r  C_IBUF_inst/O
                         net (fo=5, routed)           4.266     5.723    C_IBUF
    SLICE_X0Y11          LUT5 (Prop_lut5_I3_O)        0.152     5.875 r  S1_OBUF_inst_i_1/O
                         net (fo=1, routed)           2.840     8.715    S1_OBUF
    E19                  OBUF (Prop_obuf_I_O)         3.732    12.447 r  S1_OBUF_inst/O
                         net (fo=0)                   0.000    12.447    S1
    E19                                                               r  S1 (OUT)
  -------------------------------------------------------------------    -------------------

Slack:                    inf
  Source:                 C
                            (input port)
  Destination:            S2
                            (output port)
  Path Group:             (none)
  Path Type:              Max at Slow Process Corner
  Data Path Delay:        12.229ns  (logic 5.205ns (42.565%)  route 7.024ns (57.435%))
  Logic Levels:           4  (IBUF=1 LUT4=1 LUT5=1 OBUF=1)

    Location             Delay type                Incr(ns)  Path(ns)    Netlist Resource(s)
  -------------------------------------------------------------------    -------------------
    R2                                                0.000     0.000 r  C (IN)
                         net (fo=0)                   0.000     0.000    C
    R2                   IBUF (Prop_ibuf_I_O)         1.456     1.456 r  C_IBUF_inst/O
                         net (fo=5, routed)           4.266     5.723    C_IBUF
    SLICE_X0Y11          LUT5 (Prop_lut5_I1_O)        0.124     5.847 r  S2_OBUF_inst_i_2/O
                         net (fo=3, routed)           0.691     6.538    C2
    SLICE_X0Y11          LUT4 (Prop_lut4_I0_O)        0.124     6.662 r  S2_OBUF_inst_i_1/O
                         net (fo=1, routed)           2.066     8.728    S2_OBUF
    U19                  OBUF (Prop_obuf_I_O)         3.501    12.229 r  S2_OBUF_inst/O
                         net (fo=0)                   0.000    12.229    S2
    U19                                                               r  S2 (OUT)
  -------------------------------------------------------------------    -------------------

Slack:                    inf
  Source:                 C
                            (input port)
  Destination:            S3
                            (output port)
  Path Group:             (none)
  Path Type:              Max at Slow Process Corner
  Data Path Delay:        12.180ns  (logic 5.213ns (42.801%)  route 6.967ns (57.199%))
  Logic Levels:           4  (IBUF=1 LUT5=1 LUT6=1 OBUF=1)

    Location             Delay type                Incr(ns)  Path(ns)    Netlist Resource(s)
  -------------------------------------------------------------------    -------------------
    R2                                                0.000     0.000 r  C (IN)
                         net (fo=0)                   0.000     0.000    C
    R2                   IBUF (Prop_ibuf_I_O)         1.456     1.456 r  C_IBUF_inst/O
                         net (fo=5, routed)           4.266     5.723    C_IBUF
    SLICE_X0Y11          LUT5 (Prop_lut5_I1_O)        0.124     5.847 r  S2_OBUF_inst_i_2/O
                         net (fo=3, routed)           0.690     6.536    C2
    SLICE_X0Y11          LUT6 (Prop_lut6_I0_O)        0.124     6.660 r  S3_OBUF_inst_i_1/O
                         net (fo=1, routed)           2.011     8.671    S3_OBUF
    V19                  OBUF (Prop_obuf_I_O)         3.509    12.180 r  S3_OBUF_inst/O
                         net (fo=0)                   0.000    12.180    S3
    V19                                                               r  S3 (OUT)
  -------------------------------------------------------------------    -------------------

Slack:                    inf
  Source:                 C
                            (input port)
  Destination:            Cout
                            (output port)
  Path Group:             (none)
  Path Type:              Max at Slow Process Corner
  Data Path Delay:        11.657ns  (logic 5.213ns (44.718%)  route 6.444ns (55.282%))
  Logic Levels:           4  (IBUF=1 LUT5=1 LUT6=1 OBUF=1)

    Location             Delay type                Incr(ns)  Path(ns)    Netlist Resource(s)
  -------------------------------------------------------------------    -------------------
    R2                                                0.000     0.000 r  C (IN)
                         net (fo=0)                   0.000     0.000    C
    R2                   IBUF (Prop_ibuf_I_O)         1.456     1.456 r  C_IBUF_inst/O
                         net (fo=5, routed)           4.266     5.723    C_IBUF
    SLICE_X0Y11          LUT5 (Prop_lut5_I1_O)        0.124     5.847 r  S2_OBUF_inst_i_2/O
                         net (fo=3, routed)           0.300     6.146    C2
    SLICE_X0Y11          LUT6 (Prop_lut6_I5_O)        0.124     6.270 r  Cout_OBUF_inst_i_1/O
                         net (fo=1, routed)           1.878     8.148    Cout_OBUF
    W18                  OBUF (Prop_obuf_I_O)         3.509    11.657 r  Cout_OBUF_inst/O
                         net (fo=0)                   0.000    11.657    Cout
    W18                                                               r  Cout (OUT)
  -------------------------------------------------------------------    -------------------

Slack:                    inf
  Source:                 B0
                            (input port)
  Destination:            S0
                            (output port)
  Path Group:             (none)
  Path Type:              Max at Slow Process Corner
  Data Path Delay:        8.470ns  (logic 5.082ns (59.995%)  route 3.388ns (40.005%))
  Logic Levels:           3  (IBUF=1 LUT2=1 OBUF=1)

    Location             Delay type                Incr(ns)  Path(ns)    Netlist Resource(s)
  -------------------------------------------------------------------    -------------------
    V17                                               0.000     0.000 r  B0 (IN)
                         net (fo=0)                   0.000     0.000    B0
    V17                  IBUF (Prop_ibuf_I_O)         1.453     1.453 r  B0_IBUF_inst/O
                         net (fo=3, routed)           1.502     2.955    B0_IBUF
    SLICE_X0Y8           LUT2 (Prop_lut2_I1_O)        0.124     3.079 r  S0_OBUF_inst_i_1/O
                         net (fo=1, routed)           1.886     4.965    S0_OBUF
    U16                  OBUF (Prop_obuf_I_O)         3.505     8.470 r  S0_OBUF_inst/O
                         net (fo=0)                   0.000     8.470    S0
    U16                                                               r  S0 (OUT)
  -------------------------------------------------------------------    -------------------





Min Delay Paths
--------------------------------------------------------------------------------------
Slack:                    inf
  Source:                 A0
                            (input port)
  Destination:            S0
                            (output port)
  Path Group:             (none)
  Path Type:              Min at Fast Process Corner
  Data Path Delay:        2.287ns  (logic 1.470ns (64.269%)  route 0.817ns (35.731%))
  Logic Levels:           3  (IBUF=1 LUT2=1 OBUF=1)

    Location             Delay type                Incr(ns)  Path(ns)    Netlist Resource(s)
  -------------------------------------------------------------------    -------------------
    W15                                               0.000     0.000 r  A0 (IN)
                         net (fo=0)                   0.000     0.000    A0
    W15                  IBUF (Prop_ibuf_I_O)         0.219     0.219 r  A0_IBUF_inst/O
                         net (fo=3, routed)           0.401     0.620    A0_IBUF
    SLICE_X0Y8           LUT2 (Prop_lut2_I0_O)        0.045     0.665 r  S0_OBUF_inst_i_1/O
                         net (fo=1, routed)           0.416     1.081    S0_OBUF
    U16                  OBUF (Prop_obuf_I_O)         1.206     2.287 r  S0_OBUF_inst/O
                         net (fo=0)                   0.000     2.287    S0
    U16                                                               r  S0 (OUT)
  -------------------------------------------------------------------    -------------------

Slack:                    inf
  Source:                 B3
                            (input port)
  Destination:            Cout
                            (output port)
  Path Group:             (none)
  Path Type:              Min at Fast Process Corner
  Data Path Delay:        2.341ns  (logic 1.471ns (62.861%)  route 0.869ns (37.139%))
  Logic Levels:           3  (IBUF=1 LUT6=1 OBUF=1)

    Location             Delay type                Incr(ns)  Path(ns)    Netlist Resource(s)
  -------------------------------------------------------------------    -------------------
    W17                                               0.000     0.000 r  B3 (IN)
                         net (fo=0)                   0.000     0.000    B3
    W17                  IBUF (Prop_ibuf_I_O)         0.217     0.217 r  B3_IBUF_inst/O
                         net (fo=2, routed)           0.455     0.672    B3_IBUF
    SLICE_X0Y11          LUT6 (Prop_lut6_I0_O)        0.045     0.717 r  Cout_OBUF_inst_i_1/O
                         net (fo=1, routed)           0.414     1.131    Cout_OBUF
    W18                  OBUF (Prop_obuf_I_O)         1.210     2.341 r  Cout_OBUF_inst/O
                         net (fo=0)                   0.000     2.341    Cout
    W18                                                               r  Cout (OUT)
  -------------------------------------------------------------------    -------------------

Slack:                    inf
  Source:                 A2
                            (input port)
  Destination:            S3
                            (output port)
  Path Group:             (none)
  Path Type:              Min at Fast Process Corner
  Data Path Delay:        2.447ns  (logic 1.473ns (60.192%)  route 0.974ns (39.808%))
  Logic Levels:           3  (IBUF=1 LUT6=1 OBUF=1)

    Location             Delay type                Incr(ns)  Path(ns)    Netlist Resource(s)
  -------------------------------------------------------------------    -------------------
    W14                                               0.000     0.000 r  A2 (IN)
                         net (fo=0)                   0.000     0.000    A2
    W14                  IBUF (Prop_ibuf_I_O)         0.218     0.218 r  A2_IBUF_inst/O
                         net (fo=3, routed)           0.498     0.716    A2_IBUF
    SLICE_X0Y11          LUT6 (Prop_lut6_I1_O)        0.045     0.761 r  S3_OBUF_inst_i_1/O
                         net (fo=1, routed)           0.476     1.237    S3_OBUF
    V19                  OBUF (Prop_obuf_I_O)         1.210     2.447 r  S3_OBUF_inst/O
                         net (fo=0)                   0.000     2.447    S3
    V19                                                               r  S3 (OUT)
  -------------------------------------------------------------------    -------------------

Slack:                    inf
  Source:                 A2
                            (input port)
  Destination:            S2
                            (output port)
  Path Group:             (none)
  Path Type:              Min at Fast Process Corner
  Data Path Delay:        2.461ns  (logic 1.465ns (59.532%)  route 0.996ns (40.468%))
  Logic Levels:           3  (IBUF=1 LUT4=1 OBUF=1)

    Location             Delay type                Incr(ns)  Path(ns)    Netlist Resource(s)
  -------------------------------------------------------------------    -------------------
    W14                                               0.000     0.000 r  A2 (IN)
                         net (fo=0)                   0.000     0.000    A2
    W14                  IBUF (Prop_ibuf_I_O)         0.218     0.218 r  A2_IBUF_inst/O
                         net (fo=3, routed)           0.495     0.713    A2_IBUF
    SLICE_X0Y11          LUT4 (Prop_lut4_I1_O)        0.045     0.758 r  S2_OBUF_inst_i_1/O
                         net (fo=1, routed)           0.501     1.259    S2_OBUF
    U19                  OBUF (Prop_obuf_I_O)         1.202     2.461 r  S2_OBUF_inst/O
                         net (fo=0)                   0.000     2.461    S2
    U19                                                               r  S2 (OUT)
  -------------------------------------------------------------------    -------------------

Slack:                    inf
  Source:                 B1
                            (input port)
  Destination:            S1
                            (output port)
  Path Group:             (none)
  Path Type:              Min at Fast Process Corner
  Data Path Delay:        2.835ns  (logic 1.568ns (55.316%)  route 1.267ns (44.684%))
  Logic Levels:           3  (IBUF=1 LUT5=1 OBUF=1)

    Location             Delay type                Incr(ns)  Path(ns)    Netlist Resource(s)
  -------------------------------------------------------------------    -------------------
    V16                                               0.000     0.000 r  B1 (IN)
                         net (fo=0)                   0.000     0.000    B1
    V16                  IBUF (Prop_ibuf_I_O)         0.229     0.229 r  B1_IBUF_inst/O
                         net (fo=2, routed)           0.422     0.652    B1_IBUF
    SLICE_X0Y11          LUT5 (Prop_lut5_I4_O)        0.046     0.698 r  S1_OBUF_inst_i_1/O
                         net (fo=1, routed)           0.844     1.542    S1_OBUF
    E19                  OBUF (Prop_obuf_I_O)         1.293     2.835 r  S1_OBUF_inst/O
                         net (fo=0)                   0.000     2.835    S1
    E19                                                               r  S1 (OUT)
  -------------------------------------------------------------------    -------------------





